[    0.000000] BIOS-e820: [mem 0x00000000fe000000-0x00000000fe010fff] reserved
[    0.000000] BIOS-e820: [mem 0x00000000fec00000-0x00000000fec00fff] reserved
[    0.000000] BIOS-e820: [mem 0x00000000fee00000-0x00000000fee00fff] reserved
[    0.000000] BIOS-e820: [mem 0x00000000ff000000-0x00000000ffffffff] reserved
[    0.000000] BIOS-e820: [mem 0x0000000100000000-0x000000086effffff] usable
[    0.000000] NX (Execute Disable) protection: active
[    0.000000] SMBIOS 3.0 present.
[    0.000000] DMI: MSI MS-7971/B150 PC MATE (MS-7971), BIOS C.80 07/27/2016
[    0.000000] e820: update [mem 0x00000000-0x00000fff] usable ==> reserved
[    0.000000] e820: remove [mem 0x000a0000-0x000fffff] usable
[    0.000000] e820: last_pfn = 0x86f000 max_arch_pfn = 0x400000000
[    0.000000] MTRR default type: write-back
[    0.000000] MTRR fixed ranges enabled:
[    0.000000]   00000-9FFFF write-back
[    0.000000]   A0000-BFFFF uncachable
[    0.000000]   C0000-FFFFF write-protect
[    0.000000] MTRR variable ranges enabled:
[    0.000000]   0 base 00C0000000 mask 7FC0000000 uncachable
[    0.000000]   1 base 00A0000000 mask 7FE0000000 uncachable
[    0.000000]   2 base 0090000000 mask 7FF0000000 uncachable
[    0.000000]   3 disabled
[    0.000000]   4 disabled
[    0.000000]   5 disabled
[    0.000000]   6 disabled
[    0.000000]   7 disabled
[    0.000000]   8 disabled
[    0.000000]   9 disabled
[    0.000000] x86/PAT: Configuration [0-7]: WB  WC  UC- UC  WB  WP  UC- WT  
[    0.000000] e820: last_pfn = 0x8fc00 max_arch_pfn = 0x400000000
[    0.000000] found SMP MP-table at [mem 0x000fcd20-0x000fcd2f] mapped at [        (ptrval)]
[    0.000000] Scanning 1 areas for low memory corruption
[    0.000000] Base memory trampoline at [        (ptrval)] 96000 size 24576
[    0.000000] Using GB pages for direct mapping
[    0.000000] BRK [0x35873f000, 0x35873ffff] PGTABLE
[    0.000000] BRK [0x358740000, 0x358740fff] PGTABLE
[    0.000000] BRK [0x358741000, 0x358741fff] PGTABLE
[    0.000000] BRK [0x358742000, 0x358742fff] PGTABLE
[    0.000000] BRK [0x358743000, 0x358743fff] PGTABLE
[    0.000000] BRK [0x358744000, 0x358744fff] PGTABLE
[    0.000000] BRK [0x358745000, 0x358745fff] PGTABLE
[    0.000000] BRK [0x358746000, 0x358746fff] PGTABLE
[    0.000000] BRK [0x358747000, 0x358747fff] PGTABLE
[    0.000000] BRK [0x358748000, 0x358748fff] PGTABLE
[    0.000000] BRK [0x358749000, 0x358749fff] PGTABLE
[    0.000000] RAMDISK: [mem 0x30e35000-0x34711fff]
[    0.000000] ACPI: Early table checksum verification disabled
[    0.000000] ACPI: RSDP 0x00000000000F05B0 000024 (v02 ALASKA)
[    0.000000] ACPI: XSDT 0x000000008F586098 0000AC (v01 ALASKA A M I    01072009 AMI  00010013)
[    0.000000] ACPI: FACP 0x000000008F5A8398 00010C (v05 ALASKA A M I    01072009 AMI  00010013)
[    0.000000] ACPI: DSDT 0x000000008F5861D8 0221BA (v02 ALASKA A M I    01072009 INTL 20120913)
[    0.000000] ACPI: FACS 0x000000008F5CAF80 000040
[    0.000000] ACPI: APIC 0x000000008F5A84A8 000084 (v03 ALASKA A M I    01072009 AMI  00010013)
[    0.000000] ACPI: FPDT 0x000000008F5A8530 000044 (v01 ALASKA A M I    01072009 AMI  00010013)
[    0.000000] ACPI: FIDT 0x000000008F5A8578 00009C (v01 ALASKA A M I    01072009 AMI  00010013)
[    0.000000] ACPI: MCFG 0x000000008F5A8618 00003C (v01 ALASKA A M I    01072009 MSFT 00000097)
[    0.000000] ACPI: HPET 0x000000008F5A8658 000038 (v01 ALASKA A M I    01072009 AMI. 0005000B)
[    0.000000] ACPI: LPIT 0x000000008F5A8690 000094 (v01 INTEL  SKL      00000000 MSFT 0000005F)
[    0.000000] ACPI: SSDT 0x000000008F5A8728 000248 (v02 INTEL  sensrhub 00000000 INTL 20120913)
[    0.000000] ACPI: SSDT 0x000000008F5A8970 002BAE (v02 INTEL  PtidDevc 00001000 INTL 20120913)
[    0.000000] ACPI: SSDT 0x000000008F5AB520 000BE3 (v02 INTEL  Ther_Rvp 00001000 INTL 20120913)
[    0.000000] ACPI: SSDT 0x000000008F5AC108 0004A3 (v02 INTEL  zpodd    00001000 INTL 20120913)
[    0.000000] ACPI: DBGP 0x000000008F5AC5B0 000034 (v01 INTEL           00000000 MSFT 0000005F)
[    0.000000] ACPI: DBG2 0x000000008F5AC5E8 000054 (v00 INTEL           00000000 MSFT 0000005F)
[    0.000000] ACPI: SSDT 0x000000008F5AC640 00062D (v02 INTEL  xh_rvp08 00000000 INTL 20120913)
[    0.000000] ACPI: SSDT 0x000000008F5ACC70 0054B4 (v02 SaSsdt SaSsdt   00003000 INTL 20120913)
[    0.000000] ACPI: UEFI 0x000000008F5B2128 000042 (v01                 00000000      00000000)
[    0.000000] ACPI: SSDT 0x000000008F5B2170 000E73 (v02 CpuRef CpuSsdt  00003000 INTL 20120913)
[    0.000000] ACPI: Local APIC address 0xfee00000
[    0.000000] No NUMA configuration found
[    0.000000] Faking a node at [mem 0x0000000000000000-0x000000086effffff]
[    0.000000] NODE_DATA(0) allocated [mem 0x86efd5000-0x86effffff]
[    0.000000] Zone ranges:
[    0.000000]   DMA      [mem 0x0000000000001000-0x0000000000ffffff]
[    0.000000]   DMA32    [mem 0x0000000001000000-0x00000000ffffffff]
[    0.000000]   Normal   [mem 0x0000000100000000-0x000000086effffff]
[    0.000000]   Device   empty
[    0.000000] Movable zone start for each node
[    0.000000] Early memory node ranges
[    0.000000]   node   0: [mem 0x0000000000001000-0x000000000009bfff]
[    0.000000]   node   0: [mem 0x0000000000100000-0x0000000088a4dfff]
[    0.000000]   node   0: [mem 0x0000000088a79000-0x000000008e95afff]
[    0.000000]   node   0: [mem 0x000000008ec6a000-0x000000008ee73fff]
[    0.000000]   node   0: [mem 0x000000008fbff000-0x000000008fbfffff]
[    0.000000]   node   0: [mem 0x0000000100000000-0x000000086effffff]
[    0.000000] Reserved but unavailable: 5418 pages
[    0.000000] Initmem setup node 0 [mem 0x0000000000001000-0x000000086effffff]
[    0.000000] On node 0 totalpages: 8379094
[    0.000000]   DMA zone: 64 pages used for memmap
[    0.000000]   DMA zone: 21 pages reserved
[    0.000000]   DMA zone: 3995 pages, LIFO batch:0
[    0.000000]   DMA32 zone: 9069 pages used for memmap
[    0.000000]   DMA32 zone: 580411 pages, LIFO batch:31
[    0.000000]   Normal zone: 121792 pages used for memmap
[    0.000000]   Normal zone: 7794688 pages, LIFO batch:31
[    0.000000] ACPI: PM-Timer IO Port: 0x1808
[    0.000000] ACPI: Local APIC address 0xfee00000
[    0.000000] ACPI: LAPIC_NMI (acpi_id[0x01] high edge lint[0x1])
[    0.000000] ACPI: LAPIC_NMI (acpi_id[0x02] high edge lint[0x1])
[    0.000000] ACPI: LAPIC_NMI (acpi_id[0x03] high edge lint[0x1])
[    0.000000] ACPI: LAPIC_NMI (acpi_id[0x04] high edge lint[0x1])
[    0.000000] IOAPIC[0]: apic_id 2, version 32, address 0xfec00000, GSI 0-119
[    0.000000] ACPI: INT_SRC_OVR (bus 0 bus_irq 0 global_irq 2 dfl dfl)
[    0.000000] ACPI: INT_SRC_OVR (bus 0 bus_irq 9 global_irq 9 high level)
[    0.000000] ACPI: IRQ0 used by override.
[    0.000000] ACPI: IRQ9 used by override.
[    0.000000] Using ACPI (MADT) for SMP configuration information
[    0.000000] ACPI: HPET id: 0x8086a701 base: 0xfed00000
[    0.000000] smpboot: Allowing 4 CPUs, 0 hotplug CPUs
[    0.000000] PM: Registered nosave memory: [mem 0x00000000-0x00000fff]
[    0.000000] PM: Registered nosave memory: [mem 0x0009c000-0x0009cfff]
[    0.000000] PM: Registered nosave memory: [mem 0x0009d000-0x0009ffff]
[    0.000000] PM: Registered nosave memory: [mem 0x000a0000-0x000dffff]
[    0.000000] PM: Registered nosave memory: [mem 0x000e0000-0x000fffff]
[    0.000000] PM: Registered nosave memory: [mem 0x88a4e000-0x88a4efff]
[    0.000000] PM: Registered nosave memory: [mem 0x88a4f000-0x88a78fff]
[    0.000000] PM: Registered nosave memory: [mem 0x8e95b000-0x8ec69fff]
[    0.000000] PM: Registered nosave memory: [mem 0x8ee74000-0x8f5cafff]
[    0.000000] PM: Registered nosave memory: [mem 0x8f5cb000-0x8fbfefff]
[    0.000000] PM: Registered nosave memory: [mem 0x8fc00000-0xdfffffff]
[    0.000000] PM: Registered nosave memory: [mem 0xe0000000-0xefffffff]
[    0.000000] PM: Registered nosave memory: [mem 0xf0000000-0xfdffffff]
[    0.000000] PM: Registered nosave memory: [mem 0xfe000000-0xfe010fff]
[    0.000000] PM: Registered nosave memory: [mem 0xfe011000-0xfebfffff]
[    0.000000] PM: Registered nosave memory: [mem 0xfec00000-0xfec00fff]
[    0.000000] PM: Registered nosave memory: [mem 0xfec01000-0xfedfffff]
[    0.000000] PM: Registered nosave memory: [mem 0xfee00000-0xfee00fff]
[    0.000000] PM: Registered nosave memory: [mem 0xfee01000-0xfeffffff]
[    0.000000] PM: Registered nosave memory: [mem 0xff000000-0xffffffff]
[    0.000000] e820: [mem 0x8fc00000-0xdfffffff] available for PCI devices
[    0.000000] Booting paravirtualized kernel on bare hardware
[    0.000000] clocksource: refined-jiffies: mask: 0xffffffff max_cycles: 0xffffffff, max_idle_ns: 7645519600211568 ns
[    0.000000] random: get_random_bytes called from start_kernel+0x99/0x4fd with crng_init=0
[    0.000000] setup_percpu: NR_CPUS:8192 nr_cpumask_bits:4 nr_cpu_ids:4 nr_node_ids:1
[    0.000000] percpu: Embedded 46 pages/cpu @        (ptrval) s151552 r8192 d28672 u524288
[    0.000000] pcpu-alloc: s151552 r8192 d28672 u524288 alloc=1*2097152
[    0.000000] pcpu-alloc: [0] 0 1 2 3 
[    0.000000] Built 1 zonelists, mobility grouping on.  Total pages: 8248148
[    0.000000] Policy zone: Normal
[    0.000000] Kernel command line: BOOT_IMAGE=/boot/vmlinuz-4.15.0-55-generic root=UUID=2335cfcd-64bd-4bc2-b1ef-deee7b4574da ro quiet splash vt.handoff=1
[    0.000000] Calgary: detecting Calgary via BIOS EBDA area
[    0.000000] Calgary: Unable to locate Rio Grande table in EBDA - bailing!
[    0.000000] Memory: 32838900K/33516376K available (12300K kernel code, 2473K rwdata, 4276K rodata, 2408K init, 2416K bss, 677476K reserved, 0K cma-reserved)
[    0.000000] SLUB: HWalign=64, Order=0-3, MinObjects=0, CPUs=4, Nodes=1
[    0.000000] Kernel/User page tables isolation: enabled
[    0.000000] ftrace: allocating 39219 entries in 154 pages
[    0.000000] Hierarchical RCU implementation.
[    0.000000] 	RCU restricting CPUs from NR_CPUS=8192 to nr_cpu_ids=4.
[    0.000000] 	Tasks RCU enabled.
[    0.000000] RCU: Adjusting geometry for rcu_fanout_leaf=16, nr_cpu_ids=4
[    0.000000] NR_IRQS: 524544, nr_irqs: 1024, preallocated irqs: 16
[    0.000000] spurious 8259A interrupt: IRQ7.
[    0.000000] vt handoff: transparent VT on vt#1
[    0.000000] Console: colour dummy device 80x25
[    0.000000] console [tty0] enabled
[    0.000000] ACPI: Core revision 20170831
[    0.000000] ACPI: 8 ACPI AML tables successfully acquired and loaded
[    0.000000] clocksource: hpet: mask: 0xffffffff max_cycles: 0xffffffff, max_idle_ns: 79635855245 ns
[    0.000000] hpet clockevent registered
[    0.004000] APIC: Switch to symmetric I/O mode setup
[    0.004000] x2apic: IRQ remapping doesn't support X2APIC mode
[    0.008000] ..TIMER: vector=0x30 apic1=0 pin1=2 apic2=0 pin2=0
[    0.028000] tsc: Detected 4000.000 MHz processor
[    0.028000] tsc: Detected 4008.000 MHz TSC
[    0.028000] Calibrating delay loop (skipped), value calculated using timer frequency.. 8016.00 BogoMIPS (lpj=16032000)
[    0.028000] pid_max: default: 32768 minimum: 301
[    0.028000] Security Framework initialized
[    0.028000] Yama: becoming mindful.
[    0.028000] AppArmor: AppArmor initialized
[    0.028000] Dentry cache hash table entries: 4194304 (order: 13, 33554432 bytes)
[    0.032712] Inode-cache hash table entries: 2097152 (order: 12, 16777216 bytes)
[    0.032768] Mount-cache hash table entries: 65536 (order: 7, 524288 bytes)
[    0.032818] Mountpoint-cache hash table entries: 65536 (order: 7, 524288 bytes)
[    0.032974] mce: CPU supports 10 MCE banks
[    0.032983] CPU0: Thermal monitoring enabled (TM1)
[    0.032999] process: using mwait in idle threads
[    0.033001] Last level iTLB entries: 4KB 128, 2MB 8, 4MB 8
[    0.033001] Last level dTLB entries: 4KB 64, 2MB 0, 4MB 0, 1GB 4
[    0.033003] Spectre V2 : Mitigation: Full generic retpoline
[    0.033003] Spectre V2 : Spectre v2 / SpectreRSB mitigation: Filling RSB on context switch
[    0.033004] Spectre V2 : Enabling Restricted Speculation for firmware calls
[    0.033008] Spectre V2 : mitigation: Enabling conditional Indirect Branch Prediction Barrier
[    0.033009] Spectre V2 : User space: Mitigation: STIBP via seccomp and prctl
[    0.033010] Speculative Store Bypass: Mitigation: Speculative Store Bypass disabled via prctl and seccomp
[    0.033033] MDS: Mitigation: Clear CPU buffers
[    0.038077] Freeing SMP alternatives memory: 36K
[    0.039121] TSC deadline timer enabled
[    0.039126] smpboot: CPU0: Intel(R) Core(TM) i7-6700K CPU @ 4.00GHz (family: 0x6, model: 0x5e, stepping: 0x3)
[    0.039175] Performance Events: PEBS fmt3+, Skylake events, 32-deep LBR, full-width counters, Intel PMU driver.
[    0.039201] ... version:                4
[    0.039202] ... bit width:              48
[    0.039202] ... generic registers:      8
[    0.039203] ... value mask:             0000ffffffffffff
[    0.039203] ... max period:             00007fffffffffff
[    0.039204] ... fixed-purpose events:   3
[    0.039204] ... event mask:             00000007000000ff
[    0.039233] Hierarchical SRCU implementation.
[    0.039809] CPU0: Package temperature above threshold, cpu clock throttled (total events = 1)
[    0.040000] NMI watchdog: Enabled. Permanently consumes one hw-PMU counter.
[    0.040000] smp: Bringing up secondary CPUs ...
[    0.040000] x86: Booting SMP configuration:
[    0.040000] .... node  #0, CPUs:      #1 #2 #3
[    0.041835] smp: Brought up 1 node, 4 CPUs
[    0.041835] smpboot: Max logical packages: 1
[    0.041835] smpboot: Total of 4 processors activated (32064.00 BogoMIPS)
[    0.043265] CPU0: Package temperature/speed normal
[    0.044457] devtmpfs: initialized
[    0.044457] x86/mm: Memory block size: 128MB
[    0.045783] evm: security.selinux
[    0.045784] evm: security.SMACK64
[    0.045784] evm: security.SMACK64EXEC
[    0.045784] evm: security.SMACK64TRANSMUTE
[    0.045785] evm: security.SMACK64MMAP
[    0.045785] evm: security.apparmor
[    0.045785] evm: security.ima
[    0.045786] evm: security.capability
[    0.045796] PM: Registering ACPI NVS region [mem 0x88a4e000-0x88a4efff] (4096 bytes)
[    0.045796] PM: Registering ACPI NVS region [mem 0x8ee74000-0x8f5cafff] (7696384 bytes)
[    0.045796] clocksource: jiffies: mask: 0xffffffff max_cycles: 0xffffffff, max_idle_ns: 7645041785100000 ns
[    0.045796] futex hash table entries: 1024 (order: 4, 65536 bytes)
[    0.045796] pinctrl core: initialized pinctrl subsystem
[    0.045796] RTC time: 18:19:58, date: 09/07/19
[    0.045796] NET: Registered protocol family 16
[    0.045796] audit: initializing netlink subsys (disabled)
[    0.045796] audit: type=2000 audit(1567880398.044:1): state=initialized audit_enabled=0 res=1
[    0.045796] cpuidle: using governor ladder
[    0.045796] cpuidle: using governor menu
[    0.045796] ACPI FADT declares the system doesn't support PCIe ASPM, so disable it
[    0.045796] ACPI: bus type PCI registered
[    0.045796] acpiphp: ACPI Hot Plug PCI Controller Driver version: 0.5
[    0.045796] PCI: MMCONFIG for domain 0000 [bus 00-ff] at [mem 0xe0000000-0xefffffff] (base 0xe0000000)
[    0.045796] PCI: MMCONFIG at [mem 0xe0000000-0xefffffff] reserved in E820
[    0.045796] PCI: Using configuration type 1 for base access
[    0.048173] HugeTLB registered 1.00 GiB page size, pre-allocated 0 pages
[    0.048173] HugeTLB registered 2.00 MiB page size, pre-allocated 0 pages
[    0.048173] ACPI: Added _OSI(Module Device)
[    0.048173] ACPI: Added _OSI(Processor Device)
[    0.048173] ACPI: Added _OSI(3.0 _SCP Extensions)
[    0.048173] ACPI: Added _OSI(Processor Aggregator Device)
[    0.048173] ACPI: Added _OSI(Linux-Dell-Video)
[    0.048173] ACPI: Added _OSI(Linux-Lenovo-NV-HDMI-Audio)
[    0.048173] ACPI: Added _OSI(Linux-HPI-Hybrid-Graphics)
[    0.048601] ACPI: Executed 27 blocks of module-level executable AML code
[    0.062872] ACPI: [Firmware Bug]: BIOS _OSI(Linux) query ignored
[    0.066367] ACPI: Dynamic OEM Table Load:
[    0.066373] ACPI: SSDT 0xFFFF95B64AAD6800 0007AA (v02 PmRef  Cpu0Ist  00003000 INTL 20120913)
[    0.066697] ACPI: \_PR_.CPU0: _OSC native thermal LVT Acked
[    0.068247] ACPI: Dynamic OEM Table Load:
[    0.068251] ACPI: SSDT 0xFFFF95B64AB2E800 00037F (v02 PmRef  Cpu0Cst  00003001 INTL 20120913)
[    0.068620] ACPI: Dynamic OEM Table Load:
[    0.068623] ACPI: SSDT 0xFFFF95B64AB25CC0 00008E (v02 PmRef  Cpu0Hwp  00003000 INTL 20120913)
[    0.068883] ACPI: Dynamic OEM Table Load:
[    0.068886] ACPI: SSDT 0xFFFF95B64AB2BA00 000130 (v02 PmRef  HwpLvt   00003000 INTL 20120913)
[    0.069745] ACPI: Dynamic OEM Table Load:
[    0.069750] ACPI: SSDT 0xFFFF95B64AAD5000 0005AA (v02 PmRef  ApIst    00003000 INTL 20120913)
[    0.070396] ACPI: Dynamic OEM Table Load:
[    0.070399] ACPI: SSDT 0xFFFF95B64AB2B600 000119 (v02 PmRef  ApHwp    00003000 INTL 20120913)
[    0.070761] ACPI: Dynamic OEM Table Load:
[    0.070764] ACPI: SSDT 0xFFFF95B64AB2AE00 000119 (v02 PmRef  ApCst    00003000 INTL 20120913)
[    0.074321] ACPI: Interpreter enabled
[    0.074355] ACPI: (supports S0 S3 S4 S5)
[    0.074356] ACPI: Using IOAPIC for interrupt routing
[    0.074391] PCI: Using host bridge windows from ACPI; if necessary, use "pci=nocrs" and report a bug
[    0.075443] ACPI: Enabled 7 GPEs in block 00 to 7F
[    0.078008] ACPI: Power Resource [PG00] (on)
[    0.078432] ACPI: Power Resource [PG01] (on)
[    0.078825] ACPI: Power Resource [PG02] (on)
[    0.081846] ACPI: Power Resource [WRST] (on)
[    0.082202] ACPI: Power Resource [WRST] (on)
[    0.082564] ACPI: Power Resource [WRST] (on)
[    0.082923] ACPI: Power Resource [WRST] (on)
[    0.083273] ACPI: Power Resource [WRST] (on)
[    0.083622] ACPI: Power Resource [WRST] (on)
[    0.083971] ACPI: Power Resource [WRST] (on)
[    0.084321] ACPI: Power Resource [WRST] (on)
[    0.084669] ACPI: Power Resource [WRST] (on)
[    0.085018] ACPI: Power Resource [WRST] (on)
[    0.085368] ACPI: Power Resource [WRST] (on)
[    0.085715] ACPI: Power Resource [WRST] (on)
[    0.086064] ACPI: Power Resource [WRST] (on)
[    0.086413] ACPI: Power Resource [WRST] (on)
[    0.086769] ACPI: Power Resource [WRST] (on)
[    0.087121] ACPI: Power Resource [WRST] (on)
[    0.087468] ACPI: Power Resource [WRST] (on)
[    0.087816] ACPI: Power Resource [WRST] (on)
[    0.088165] ACPI: Power Resource [WRST] (on)
[    0.088516] ACPI: Power Resource [WRST] (on)
[    0.100941] ACPI: Power Resource [FN00] (off)
[    0.101036] ACPI: Power Resource [FN01] (off)
[    0.101128] ACPI: Power Resource [FN02] (off)
[    0.101222] ACPI: Power Resource [FN03] (off)
[    0.101329] ACPI: Power Resource [FN04] (off)
[    0.102589] ACPI: PCI Root Bridge [PCI0] (domain 0000 [bus 00-fe])
[    0.102594] acpi PNP0A08:00: _OSC: OS supports [ExtendedConfig ASPM ClockPM Segments MSI]
[    0.102793] acpi PNP0A08:00: _OSC: platform does not support [PME AER]
[    0.102982] acpi PNP0A08:00: _OSC: OS now controls [PCIeHotplug PCIeCapability]
[    0.102983] acpi PNP0A08:00: FADT indicates ASPM is unsupported, using BIOS configuration
[    0.103794] PCI host bridge to bus 0000:00
[    0.103796] pci_bus 0000:00: root bus resource [io  0x0000-0x0cf7 window]
[    0.103797] pci_bus 0000:00: root bus resource [io  0x0d00-0xffff window]
[    0.103798] pci_bus 0000:00: root bus resource [mem 0x000a0000-0x000bffff window]
[    0.103800] pci_bus 0000:00: root bus resource [mem 0x90000000-0xdfffffff window]
[    0.103801] pci_bus 0000:00: root bus resource [mem 0xfd000000-0xfe7fffff window]
[    0.103802] pci_bus 0000:00: root bus resource [bus 00-fe]
[    0.103808] pci 0000:00:00.0: [8086:191f] type 00 class 0x060000
[    0.104139] pci 0000:00:01.0: [8086:1901] type 01 class 0x060400
[    0.104175] pci 0000:00:01.0: PME# supported from D0 D3hot D3cold
[    0.104383] pci 0000:00:08.0: [8086:1911] type 00 class 0x088000
[    0.104393] pci 0000:00:08.0: reg 0x10: [mem 0xdf332000-0xdf332fff 64bit]
[    0.104548] pci 0000:00:14.0: [8086:a12f] type 00 class 0x0c0330
[    0.104567] pci 0000:00:14.0: reg 0x10: [mem 0xdf310000-0xdf31ffff 64bit]
[    0.104625] pci 0000:00:14.0: PME# supported from D3hot D3cold
[    0.104827] pci 0000:00:14.2: [8086:a131] type 00 class 0x118000
[    0.104845] pci 0000:00:14.2: reg 0x10: [mem 0xdf331000-0xdf331fff 64bit]
[    0.105045] pci 0000:00:15.0: [8086:a160] type 00 class 0x118000
[    0.105096] pci 0000:00:15.0: reg 0x10: [mem 0xdf330000-0xdf330fff 64bit]
[    0.105377] pci 0000:00:15.1: [8086:a161] type 00 class 0x118000
[    0.105438] pci 0000:00:15.1: reg 0x10: [mem 0xdf32f000-0xdf32ffff 64bit]
[    0.105690] pci 0000:00:16.0: [8086:a13a] type 00 class 0x078000
[    0.105713] pci 0000:00:16.0: reg 0x10: [mem 0xdf32e000-0xdf32efff 64bit]
[    0.105770] pci 0000:00:16.0: PME# supported from D3hot
[    0.105920] pci 0000:00:17.0: [8086:a102] type 00 class 0x010601
[    0.105934] pci 0000:00:17.0: reg 0x10: [mem 0xdf328000-0xdf329fff]
[    0.105940] pci 0000:00:17.0: reg 0x14: [mem 0xdf32d000-0xdf32d0ff]
[    0.105947] pci 0000:00:17.0: reg 0x18: [io  0xf050-0xf057]
[    0.105953] pci 0000:00:17.0: reg 0x1c: [io  0xf040-0xf043]
[    0.105959] pci 0000:00:17.0: reg 0x20: [io  0xf020-0xf03f]
[    0.105964] pci 0000:00:17.0: reg 0x24: [mem 0xdf32c000-0xdf32c7ff]
[    0.105998] pci 0000:00:17.0: PME# supported from D3hot
[    0.106143] pci 0000:00:1c.0: [8086:a117] type 01 class 0x060400
[    0.106200] pci 0000:00:1c.0: PME# supported from D0 D3hot D3cold
[    0.106408] pci 0000:00:1d.0: [8086:a118] type 01 class 0x060400
[    0.106462] pci 0000:00:1d.0: PME# supported from D0 D3hot D3cold
[    0.106628] pci 0000:00:1d.2: [8086:a11a] type 01 class 0x060400
[    0.106686] pci 0000:00:1d.2: PME# supported from D0 D3hot D3cold
[    0.106853] pci 0000:00:1d.3: [8086:a11b] type 01 class 0x060400
[    0.106910] pci 0000:00:1d.3: PME# supported from D0 D3hot D3cold
[    0.107140] pci 0000:00:1e.0: [8086:a127] type 00 class 0x118000
[    0.107191] pci 0000:00:1e.0: reg 0x10: [mem 0xdf32b000-0xdf32bfff 64bit]
[    0.107519] pci 0000:00:1f.0: [8086:a148] type 00 class 0x060100
[    0.107752] pci 0000:00:1f.2: [8086:a121] type 00 class 0x058000
[    0.107766] pci 0000:00:1f.2: reg 0x10: [mem 0xdf324000-0xdf327fff]
[    0.107946] pci 0000:00:1f.3: [8086:a170] type 00 class 0x040300
[    0.107971] pci 0000:00:1f.3: reg 0x10: [mem 0xdf320000-0xdf323fff 64bit]
[    0.108000] pci 0000:00:1f.3: reg 0x20: [mem 0xdf300000-0xdf30ffff 64bit]
[    0.108046] pci 0000:00:1f.3: PME# supported from D3hot D3cold
[    0.108221] pci 0000:00:1f.4: [8086:a123] type 00 class 0x0c0500
[    0.108281] pci 0000:00:1f.4: reg 0x10: [mem 0xdf32a000-0xdf32a0ff 64bit]
[    0.108362] pci 0000:00:1f.4: reg 0x20: [io  0xf000-0xf01f]
[    0.108594] pci 0000:01:00.0: [10de:1c03] type 00 class 0x030000
[    0.108612] pci 0000:01:00.0: reg 0x10: [mem 0xde000000-0xdeffffff]
[    0.108621] pci 0000:01:00.0: reg 0x14: [mem 0xc0000000-0xcfffffff 64bit pref]
[    0.108630] pci 0000:01:00.0: reg 0x1c: [mem 0xd0000000-0xd1ffffff 64bit pref]
[    0.108636] pci 0000:01:00.0: reg 0x24: [io  0xe000-0xe07f]
[    0.108643] pci 0000:01:00.0: reg 0x30: [mem 0xdf000000-0xdf07ffff pref]
[    0.108738] pci 0000:01:00.1: [10de:10f1] type 00 class 0x040300
[    0.108752] pci 0000:01:00.1: reg 0x10: [mem 0xdf080000-0xdf083fff]
[    0.120015] pci 0000:00:01.0: PCI bridge to [bus 01]
[    0.120018] pci 0000:00:01.0:   bridge window [io  0xe000-0xefff]
[    0.120019] pci 0000:00:01.0:   bridge window [mem 0xde000000-0xdf0fffff]
[    0.120022] pci 0000:00:01.0:   bridge window [mem 0xc0000000-0xd1ffffff 64bit pref]
[    0.120097] pci 0000:02:00.0: [168c:0030] type 00 class 0x028000
[    0.120126] pci 0000:02:00.0: reg 0x10: [mem 0xdf200000-0xdf21ffff 64bit]
[    0.120170] pci 0000:02:00.0: reg 0x30: [mem 0xdf220000-0xdf22ffff pref]
[    0.120234] pci 0000:02:00.0: supports D1
[    0.120235] pci 0000:02:00.0: PME# supported from D0 D1 D3hot
[    0.120345] pci 0000:00:1c.0: PCI bridge to [bus 02]
[    0.120349] pci 0000:00:1c.0:   bridge window [mem 0xdf200000-0xdf2fffff]
[    0.120414] acpiphp: Slot [1] registered
[    0.120418] pci 0000:00:1d.0: PCI bridge to [bus 03]
[    0.120494] pci 0000:04:00.0: [1b21:1080] type 01 class 0x060400
[    0.120619] pci 0000:04:00.0: supports D1 D2
[    0.120620] pci 0000:04:00.0: PME# supported from D0 D1 D2 D3hot D3cold
[    0.120720] pci 0000:00:1d.2: PCI bridge to [bus 04-05]
[    0.120826] pci 0000:04:00.0: PCI bridge to [bus 05]
[    0.120919] pci 0000:06:00.0: [10ec:8168] type 00 class 0x020000
[    0.120946] pci 0000:06:00.0: reg 0x10: [io  0xd000-0xd0ff]
[    0.120969] pci 0000:06:00.0: reg 0x18: [mem 0xdf104000-0xdf104fff 64bit]
[    0.120984] pci 0000:06:00.0: reg 0x20: [mem 0xdf100000-0xdf103fff 64bit]
[    0.121071] pci 0000:06:00.0: supports D1 D2
[    0.121072] pci 0000:06:00.0: PME# supported from D0 D1 D2 D3hot D3cold
[    0.121195] pci 0000:00:1d.3: PCI bridge to [bus 06]
[    0.121198] pci 0000:00:1d.3:   bridge window [io  0xd000-0xdfff]
[    0.121200] pci 0000:00:1d.3:   bridge window [mem 0xdf100000-0xdf1fffff]
[    0.123476] ACPI: PCI Interrupt Link [LNKA] (IRQs 3 4 5 6 10 *11 12 14 15)
[    0.123533] ACPI: PCI Interrupt Link [LNKB] (IRQs 3 4 5 6 *10 11 12 14 15)
[    0.123589] ACPI: PCI Interrupt Link [LNKC] (IRQs 3 4 5 6 10 *11 12 14 15)
[    0.123645] ACPI: PCI Interrupt Link [LNKD] (IRQs 3 4 5 6 10 *11 12 14 15)
[    0.123700] ACPI: PCI Interrupt Link [LNKE] (IRQs 3 4 5 6 10 *11 12 14 15)
[    0.123755] ACPI: PCI Interrupt Link [LNKF] (IRQs 3 4 5 6 10 *11 12 14 15)
[    0.123811] ACPI: PCI Interrupt Link [LNKG] (IRQs 3 4 5 6 10 *11 12 14 15)
[    0.123866] ACPI: PCI Interrupt Link [LNKH] (IRQs 3 4 5 6 10 *11 12 14 15)
[    0.124525] SCSI subsystem initialized
[    0.124540] libata version 3.00 loaded.
[    0.124540] pci 0000:01:00.0: vgaarb: setting as boot VGA device
[    0.124540] pci 0000:01:00.0: vgaarb: VGA device added: decodes=io+mem,owns=io+mem,locks=none
[    0.124540] pci 0000:01:00.0: vgaarb: bridge control possible
[    0.124540] vgaarb: loaded
[    0.124540] ACPI: bus type USB registered
[    0.124540] usbcore: registered new interface driver usbfs
[    0.124540] usbcore: registered new interface driver hub
[    0.124540] usbcore: registered new device driver usb
[    0.124540] EDAC MC: Ver: 3.0.0
[    0.124540] PCI: Using ACPI for IRQ routing
[    0.148555] PCI: pci_cache_line_size set to 64 bytes
[    0.148659] e820: reserve RAM buffer [mem 0x0009c800-0x0009ffff]
[    0.148660] e820: reserve RAM buffer [mem 0x88a4e000-0x8bffffff]
[    0.148661] e820: reserve RAM buffer [mem 0x8e95b000-0x8fffffff]
[    0.148662] e820: reserve RAM buffer [mem 0x8ee74000-0x8fffffff]
[    0.148663] e820: reserve RAM buffer [mem 0x8fc00000-0x8fffffff]
[    0.148663] e820: reserve RAM buffer [mem 0x86f000000-0x86fffffff]
[    0.152000] NetLabel: Initializing
[    0.152000] NetLabel:  domain hash size = 128
[    0.152000] NetLabel:  protocols = UNLABELED CIPSOv4 CALIPSO
[    0.152000] NetLabel:  unlabeled traffic allowed by default
[    0.152398] hpet0: at MMIO 0xfed00000, IRQs 2, 8, 0, 0, 0, 0, 0, 0
[    0.152402] hpet0: 8 comparators, 64-bit 24.000000 MHz counter
[    0.154447] clocksource: Switched to clocksource hpet
[    0.159885] VFS: Disk quotas dquot_6.6.0
[    0.159895] VFS: Dquot-cache hash table entries: 512 (order 0, 4096 bytes)
[    0.159964] AppArmor: AppArmor Filesystem Enabled
[    0.159978] pnp: PnP ACPI init
[    0.160338] system 00:00: [io  0x0a00-0x0a0f] has been reserved
[    0.160340] system 00:00: [io  0x0a10-0x0a1f] has been reserved
[    0.160341] system 00:00: [io  0x0a20-0x0a2f] has been reserved
[    0.160342] system 00:00: [io  0x0a30-0x0a3f] has been reserved
[    0.160346] system 00:00: Plug and Play ACPI device, IDs PNP0c02 (active)
[    0.160757] pnp 00:01: [dma 0 disabled]
[    0.160885] pnp 00:01: Plug and Play ACPI device, IDs PNP0400 (active)
[    0.160920] pnp 00:02: Plug and Play ACPI device, IDs PNP0303 PNP030b (active)
[    0.160965] pnp 00:03: Plug and Play ACPI device, IDs PNP0f03 PNP0f13 (active)
[    0.161270] pnp 00:04: [dma 0 disabled]
[    0.161305] pnp 00:04: Plug and Play ACPI device, IDs PNP0501 (active)
[    0.161423] system 00:05: [io  0x0680-0x069f] has been reserved
[    0.161424] system 00:05: [io  0xffff] has been reserved
[    0.161425] system 00:05: [io  0xffff] has been reserved
[    0.161426] system 00:05: [io  0xffff] has been reserved
[    0.161428] system 00:05: [io  0x1800-0x18fe] has been reserved
[    0.161429] system 00:05: [io  0x164e-0x164f] has been reserved
[    0.161432] system 00:05: Plug and Play ACPI device, IDs PNP0c02 (active)
[    0.161512] system 00:06: [io  0x0800-0x087f] has been reserved
[    0.161515] system 00:06: Plug and Play ACPI device, IDs PNP0c02 (active)
[    0.161532] pnp 00:07: Plug and Play ACPI device, IDs PNP0b00 (active)
[    0.161565] system 00:08: [io  0x1854-0x1857] has been reserved
[    0.161568] system 00:08: Plug and Play ACPI device, IDs INT3f0d PNP0c02 (active)
[    0.161794] system 00:09: [mem 0xfed10000-0xfed17fff] has been reserved
[    0.161795] system 00:09: [mem 0xfed18000-0xfed18fff] has been reserved
[    0.161796] system 00:09: [mem 0xfed19000-0xfed19fff] has been reserved
[    0.161797] system 00:09: [mem 0xe0000000-0xefffffff] has been reserved
[    0.161798] system 00:09: [mem 0xfed20000-0xfed3ffff] has been reserved
[    0.161800] system 00:09: [mem 0xfed90000-0xfed93fff] has been reserved
[    0.161801] system 00:09: [mem 0xfed45000-0xfed8ffff] has been reserved
[    0.161802] system 00:09: [mem 0xff000000-0xffffffff] has been reserved
[    0.161803] system 00:09: [mem 0xfee00000-0xfeefffff] could not be reserved
[    0.161805] system 00:09: [mem 0xdffc0000-0xdffdffff] has been reserved
[    0.161808] system 00:09: Plug and Play ACPI device, IDs PNP0c02 (active)
[    0.161844] system 00:0a: [mem 0xfd000000-0xfdabffff] has been reserved
[    0.161846] system 00:0a: [mem 0xfdad0000-0xfdadffff] has been reserved
[    0.161847] system 00:0a: [mem 0xfdb00000-0xfdffffff] has been reserved
[    0.161848] system 00:0a: [mem 0xfe000000-0xfe01ffff] could not be reserved
[    0.161849] system 00:0a: [mem 0xfe036000-0xfe03bfff] has been reserved
[    0.161851] system 00:0a: [mem 0xfe03d000-0xfe3fffff] has been reserved
[    0.161853] system 00:0a: Plug and Play ACPI device, IDs PNP0c02 (active)
[    0.162135] system 00:0b: [io  0xff00-0xfffe] has been reserved
[    0.162138] system 00:0b: Plug and Play ACPI device, IDs PNP0c02 (active)
[    0.163213] system 00:0c: Plug and Play ACPI device, IDs PNP0c02 (active)
[    0.164140] pnp: PnP ACPI: found 13 devices
[    0.171435] clocksource: acpi_pm: mask: 0xffffff max_cycles: 0xffffff, max_idle_ns: 2085701024 ns
[    0.171469] pci 0000:00:01.0: PCI bridge to [bus 01]
[    0.171471] pci 0000:00:01.0:   bridge window [io  0xe000-0xefff]
[    0.171473] pci 0000:00:01.0:   bridge window [mem 0xde000000-0xdf0fffff]
[    0.171475] pci 0000:00:01.0:   bridge window [mem 0xc0000000-0xd1ffffff 64bit pref]
[    0.171478] pci 0000:00:1c.0: PCI bridge to [bus 02]
[    0.171481] pci 0000:00:1c.0:   bridge window [mem 0xdf200000-0xdf2fffff]
[    0.171486] pci 0000:00:1d.0: PCI bridge to [bus 03]
[    0.171492] pci 0000:04:00.0: PCI bridge to [bus 05]
[    0.171506] pci 0000:00:1d.2: PCI bridge to [bus 04-05]
[    0.171513] pci 0000:00:1d.3: PCI bridge to [bus 06]
[    0.171514] pci 0000:00:1d.3:   bridge window [io  0xd000-0xdfff]
[    0.171517] pci 0000:00:1d.3:   bridge window [mem 0xdf100000-0xdf1fffff]
[    0.171523] pci_bus 0000:00: resource 4 [io  0x0000-0x0cf7 window]
[    0.171524] pci_bus 0000:00: resource 5 [io  0x0d00-0xffff window]
[    0.171525] pci_bus 0000:00: resource 6 [mem 0x000a0000-0x000bffff window]
[    0.171526] pci_bus 0000:00: resource 7 [mem 0x90000000-0xdfffffff window]
[    0.171527] pci_bus 0000:00: resource 8 [mem 0xfd000000-0xfe7fffff window]
[    0.171528] pci_bus 0000:01: resource 0 [io  0xe000-0xefff]
[    0.171529] pci_bus 0000:01: resource 1 [mem 0xde000000-0xdf0fffff]
[    0.171530] pci_bus 0000:01: resource 2 [mem 0xc0000000-0xd1ffffff 64bit pref]
[    0.171531] pci_bus 0000:02: resource 1 [mem 0xdf200000-0xdf2fffff]
[    0.171532] pci_bus 0000:06: resource 0 [io  0xd000-0xdfff]
[    0.171533] pci_bus 0000:06: resource 1 [mem 0xdf100000-0xdf1fffff]
[    0.171671] NET: Registered protocol family 2
[    0.171817] TCP established hash table entries: 262144 (order: 9, 2097152 bytes)
[    0.172073] TCP bind hash table entries: 65536 (order: 8, 1048576 bytes)
[    0.172150] TCP: Hash tables configured (established 262144 bind 65536)
[    0.172177] UDP hash table entries: 16384 (order: 7, 524288 bytes)
[    0.172234] UDP-Lite hash table entries: 16384 (order: 7, 524288 bytes)
[    0.172302] NET: Registered protocol family 1
[    0.173618] pci 0000:01:00.0: Video device with shadowed ROM at [mem 0x000c0000-0x000dffff]
[    0.173631] PCI: CLS 0 bytes, default 64
[    0.173654] Unpacking initramfs...
[    0.953999] Freeing initrd memory: 58228K
[    0.954011] PCI-DMA: Using software bounce buffering for IO (SWIOTLB)
[    0.954013] software IO TLB [mem 0x8a95b000-0x8e95b000] (64MB) mapped at [        (ptrval)-        (ptrval)]
[    0.954211] clocksource: tsc: mask: 0xffffffffffffffff max_cycles: 0x39c5e21a6f1, max_idle_ns: 440795312983 ns
[    0.954319] Scanning for low memory corruption every 60 seconds
[    0.954937] Initialise system trusted keyrings
[    0.954943] Key type blacklist registered
[    0.954992] workingset: timestamp_bits=36 max_order=23 bucket_order=0
[    0.955850] zbud: loaded
[    0.956343] squashfs: version 4.0 (2009/01/31) Phillip Lougher
[    0.956491] fuse init (API version 7.26)
[    0.958841] Key type asymmetric registered
[    0.958842] Asymmetric key parser 'x509' registered
[    0.958861] Block layer SCSI generic (bsg) driver version 0.4 loaded (major 246)
[    0.958896] io scheduler noop registered
[    0.958897] io scheduler deadline registered
[    0.958915] io scheduler cfq registered (default)
[    0.959753] vesafb: mode is 1920x1080x32, linelength=7680, pages=0
[    0.959753] vesafb: scrolling: redraw
[    0.959755] vesafb: Truecolor: size=8:8:8:8, shift=24:16:8:0
[    0.959763] vesafb: framebuffer at 0xd1000000, mapped to 0x        (ptrval), using 8128k, total 8128k
[    0.959849] Console: switching to colour frame buffer device 240x67
[    0.959869] fb0: VESA VGA frame buffer device
[    0.959880] intel_idle: MWAIT substates: 0x142120
[    0.959880] intel_idle: v0.4.1 model 0x5E
[    0.960080] intel_idle: lapic_timer_reliable_states 0xffffffff
[    0.960187] input: Sleep Button as /devices/LNXSYSTM:00/LNXSYBUS:00/PNP0C0E:00/input/input0
[    0.960198] ACPI: Sleep Button [SLPB]
[    0.960223] input: Power Button as /devices/LNXSYSTM:00/LNXSYBUS:00/PNP0C0C:00/input/input1
[    0.960230] ACPI: Power Button [PWRB]
[    0.960254] input: Power Button as /devices/LNXSYSTM:00/LNXPWRBN:00/input/input2
[    0.960302] ACPI: Power Button [PWRF]
[    1.021094] (NULL device *): hwmon_device_register() is deprecated. Please convert the driver to use hwmon_device_register_with_info().
[    1.080338] thermal LNXTHERM:00: registered as thermal_zone0
[    1.080339] ACPI: Thermal Zone [TZ00] (28 C)
[    1.080461] thermal LNXTHERM:01: registered as thermal_zone1
[    1.080462] ACPI: Thermal Zone [TZ01] (30 C)
[    1.080643] Serial: 8250/16550 driver, 32 ports, IRQ sharing enabled
[    1.101449] 00:04: ttyS0 at I/O 0x3f8 (irq = 4, base_baud = 115200) is a 16550A
[    1.122469] serial8250: ttyS1 at I/O 0x2f8 (irq = 3, base_baud = 115200) is a 16550A
[    1.124896] Linux agpgart interface v0.103
[    1.126152] loop: module loaded
[    1.126239] libphy: Fixed MDIO Bus: probed
[    1.126240] tun: Universal TUN/TAP device driver, 1.6
[    1.126279] PPP generic driver version 2.4.2
[    1.126320] ehci_hcd: USB 2.0 'Enhanced' Host Controller (EHCI) Driver
[    1.126322] ehci-pci: EHCI PCI platform driver
[    1.126326] ehci-platform: EHCI generic platform driver
[    1.126331] ohci_hcd: USB 1.1 'Open' Host Controller (OHCI) Driver
[    1.126332] ohci-pci: OHCI PCI platform driver
[    1.126337] ohci-platform: OHCI generic platform driver
[    1.126341] uhci_hcd: USB Universal Host Controller Interface driver
[    1.126430] xhci_hcd 0000:00:14.0: xHCI Host Controller
[    1.126433] xhci_hcd 0000:00:14.0: new USB bus registered, assigned bus number 1
[    1.127505] xhci_hcd 0000:00:14.0: hcc params 0x200077c1 hci version 0x100 quirks 0x0000000000109810
[    1.127508] xhci_hcd 0000:00:14.0: cache line size of 64 is not supported
[    1.127614] usb usb1: New USB device found, idVendor=1d6b, idProduct=0002
[    1.127615] usb usb1: New USB device strings: Mfr=3, Product=2, SerialNumber=1
[    1.127616] usb usb1: Product: xHCI Host Controller
[    1.127617] usb usb1: Manufacturer: Linux 4.15.0-55-generic xhci-hcd
[    1.127618] usb usb1: SerialNumber: 0000:00:14.0
[    1.127725] hub 1-0:1.0: USB hub found
[    1.127736] hub 1-0:1.0: 12 ports detected
[    1.128586] xhci_hcd 0000:00:14.0: xHCI Host Controller
[    1.128588] xhci_hcd 0000:00:14.0: new USB bus registered, assigned bus number 2
[    1.128590] xhci_hcd 0000:00:14.0: Host supports USB 3.0  SuperSpeed
[    1.128609] usb usb2: New USB device found, idVendor=1d6b, idProduct=0003
[    1.128610] usb usb2: New USB device strings: Mfr=3, Product=2, SerialNumber=1
[    1.128611] usb usb2: Product: xHCI Host Controller
[    1.128612] usb usb2: Manufacturer: Linux 4.15.0-55-generic xhci-hcd
[    1.128613] usb usb2: SerialNumber: 0000:00:14.0
[    1.128713] hub 2-0:1.0: USB hub found
[    1.128720] hub 2-0:1.0: 6 ports detected
[    1.129285] i8042: PNP: PS/2 Controller [PNP0303:PS2K,PNP0f03:PS2M] at 0x60,0x64 irq 1,12
[    1.132659] serio: i8042 KBD port at 0x60,0x64 irq 1
[    1.132661] serio: i8042 AUX port at 0x60,0x64 irq 12
[    1.132819] mousedev: PS/2 mouse device common for all mice
[    1.133133] rtc_cmos 00:07: RTC can wake from S4
[    1.133538] rtc_cmos 00:07: rtc core: registered rtc_cmos as rtc0
[    1.133616] rtc_cmos 00:07: alarms up to one month, y3k, 242 bytes nvram, hpet irqs
[    1.133619] i2c /dev entries driver
[    1.133642] device-mapper: uevent: version 1.0.3
[    1.133724] device-mapper: ioctl: 4.37.0-ioctl (2017-09-20) initialised: dm-devel@redhat.com
[    1.133727] intel_pstate: Intel P-state driver initializing
[    1.134200] intel_pstate: HWP enabled
[    1.134383] ledtrig-cpu: registered to indicate activity on CPUs
[    1.134849] intel_pmc_core:  initialized
[    1.134967] NET: Registered protocol family 10
[    1.139032] Segment Routing with IPv6
[    1.139045] NET: Registered protocol family 17
[    1.139164] Key type dns_resolver registered
[    1.139656] RAS: Correctable Errors collector initialized.
[    1.139673] microcode: sig=0x506e3, pf=0x2, revision=0xcc
[    1.139868] microcode: Microcode Update Driver: v2.2.
[    1.139873] sched_clock: Marking stable (1139865499, 0)->(1120636779, 19228720)
[    1.140164] registered taskstats version 1
[    1.140170] Loading compiled-in X.509 certificates
[    1.141909] Loaded X.509 cert 'Build time autogenerated kernel key: 2ed9c0a78927f1fed24db33f01fd983502d97350'
[    1.141919] zswap: loaded using pool lzo/zbud
[    1.145126] Key type big_key registered
[    1.145129] Key type trusted registered
[    1.146447] Key type encrypted registered
[    1.146449] AppArmor: AppArmor sha1 policy hashing enabled
[    1.146451] ima: No TPM chip found, activating TPM-bypass! (rc=-19)
[    1.146453] ima: Allocated hash algorithm: sha1
[    1.146462] evm: HMAC attrs: 0x1
[    1.147510]   Magic number: 3:724:341
[    1.147513] usb usb1-port12: hash matches
[    1.147722] rtc_cmos 00:07: setting system clock to 2019-09-07 18:19:59 UTC (1567880399)
[    1.147793] BIOS EDD facility v0.16 2004-Jun-25, 0 devices found
[    1.147793] EDD information not available.
[    1.482795] Freeing unused kernel image memory: 2408K
[    1.500130] Write protecting the kernel read-only data: 20480k
[    1.501157] Freeing unused kernel image memory: 2008K
[    1.501424] Freeing unused kernel image memory: 1868K
[    1.506967] x86/mm: Checked W+X mappings: passed, no W+X pages found.
[    1.506967] x86/mm: Checking user space page tables
[    1.512147] x86/mm: Checked W+X mappings: passed, no W+X pages found.
[    1.606855] ahci 0000:00:17.0: version 3.0
[    1.607993] r8169 Gigabit Ethernet driver 2.3LK-NAPI loaded
[    1.607998] r8169 0000:06:00.0: can't disable ASPM; OS doesn't have ASPM control
[    1.617209] ahci 0000:00:17.0: AHCI 0001.0301 32 slots 6 ports 6 Gbps 0x3f impl SATA mode
[    1.617212] ahci 0000:00:17.0: flags: 64bit ncq sntf led clo only pio slum part ems deso sadm sds apst 
[    1.621112] r8169 0000:06:00.0 eth0: RTL8168h/8111h at 0x        (ptrval), 4c:cc:6a:8e:26:d0, XID 14100800 IRQ 122
[    1.621114] r8169 0000:06:00.0 eth0: jumbo features [frames: 9200 bytes, tx checksumming: ko]
[    1.642225] r8169 0000:06:00.0 enp6s0: renamed from eth0
[    1.676684] scsi host0: ahci
[    1.676830] scsi host1: ahci
[    1.677055] scsi host2: ahci
[    1.677240] scsi host3: ahci
[    1.677356] scsi host4: ahci
[    1.677453] scsi host5: ahci
[    1.677481] ata1: SATA max UDMA/133 abar m2048@0xdf32c000 port 0xdf32c100 irq 121
[    1.677482] ata2: SATA max UDMA/133 abar m2048@0xdf32c000 port 0xdf32c180 irq 121
[    1.677484] ata3: SATA max UDMA/133 abar m2048@0xdf32c000 port 0xdf32c200 irq 121
[    1.677487] ata4: SATA max UDMA/133 abar m2048@0xdf32c000 port 0xdf32c280 irq 121
[    1.677488] ata5: SATA max UDMA/133 abar m2048@0xdf32c000 port 0xdf32c300 irq 121
[    1.677490] ata6: SATA max UDMA/133 abar m2048@0xdf32c000 port 0xdf32c380 irq 121
[    1.712323] usb 2-4: new SuperSpeed USB device number 2 using xhci_hcd
[    1.733439] usb 2-4: New USB device found, idVendor=1058, idProduct=25fb
[    1.733440] usb 2-4: New USB device strings: Mfr=2, Product=3, SerialNumber=1
[    1.733441] usb 2-4: Product: easystore 25FB  
[    1.733441] usb 2-4: Manufacturer: Western Digital
[    1.733442] usb 2-4: SerialNumber: 564B30594E413459
[    1.860032] usb 1-1: new full-speed USB device number 2 using xhci_hcd
[    1.980409] clocksource: Switched to clocksource tsc
[    1.989107] ata3: SATA link up 6.0 Gbps (SStatus 133 SControl 300)
[    1.989120] ata1: SATA link up 1.5 Gbps (SStatus 113 SControl 300)
[    1.989132] ata2: SATA link up 6.0 Gbps (SStatus 133 SControl 300)
[    1.989143] ata5: SATA link down (SStatus 4 SControl 300)
[    1.989155] ata4: SATA link down (SStatus 4 SControl 300)
[    1.989168] ata6: SATA link up 6.0 Gbps (SStatus 133 SControl 300)
[    1.989978] ata3.00: ATA-10: WDC WD10EZEX-21WN4A0, 01.01A01, max UDMA/133
[    1.989979] ata3.00: 1953525168 sectors, multi 16: LBA48 NCQ (depth 31/32), AA
[    1.990776] ata6.00: supports DRM functions and may not be fully accessible
[    1.990860] ata3.00: configured for UDMA/133
[    1.991745] ata6.00: disabling queued TRIM support
[    1.991759] ata6.00: ATA-9: Samsung SSD 850 EVO 250GB, EMT03B6Q, max UDMA/133
[    1.991760] ata6.00: 488397168 sectors, multi 1: LBA48 NCQ (depth 31/32), AA
[    1.992005] ata2.00: supports DRM functions and may not be fully accessible
[    1.992050] ata1.00: ATAPI: ASUS    BW-12B1ST   a, 1.00, max UDMA/100
[    1.993011] ata1.00: configured for UDMA/100
[    1.993033] ata2.00: ATA-11: Samsung SSD 860 EVO 250GB, RVT01B6Q, max UDMA/133
[    1.993034] ata2.00: 488397168 sectors, multi 1: LBA48 NCQ (depth 31/32), AA
[    1.994054] ata6.00: supports DRM functions and may not be fully accessible
[    1.994994] ata6.00: disabling queued TRIM support
[    1.995757] ata2.00: supports DRM functions and may not be fully accessible
[    1.996633] ata6.00: configured for UDMA/133
[    1.999245] ata2.00: configured for UDMA/133
[    2.006842] scsi 0:0:0:0: CD-ROM            ASUS     BW-12B1ST   a    1.00 PQ: 0 ANSI: 5
[    2.012172] usb 1-1: New USB device found, idVendor=28de, idProduct=1142
[    2.012173] usb 1-1: New USB device strings: Mfr=1, Product=2, SerialNumber=0
[    2.012174] usb 1-1: Product: Steam Controller
[    2.012175] usb 1-1: Manufacturer: Valve Software
[    2.075539] sr 0:0:0:0: [sr0] scsi3-mmc drive: 48x/48x writer dvd-ram cd/rw xa/form2 cdda tray
[    2.075539] cdrom: Uniform CD-ROM driver Revision: 3.20
[    2.075736] sr 0:0:0:0: Attached scsi CD-ROM sr0
[    2.075767] sr 0:0:0:0: Attached scsi generic sg0 type 5
[    2.075903] scsi 1:0:0:0: Direct-Access     ATA      Samsung SSD 860  1B6Q PQ: 0 ANSI: 5
[    2.076030] ata2.00: Enabling discard_zeroes_data
[    2.076129] sd 1:0:0:0: Attached scsi generic sg1 type 0
[    2.076222] sd 1:0:0:0: [sda] 488397168 512-byte logical blocks: (250 GB/233 GiB)
[    2.076233] sd 1:0:0:0: [sda] Write Protect is off
[    2.076234] sd 1:0:0:0: [sda] Mode Sense: 00 3a 00 00
[    2.076244] scsi 2:0:0:0: Direct-Access     ATA      WDC WD10EZEX-21W 1A01 PQ: 0 ANSI: 5
[    2.076246] sd 1:0:0:0: [sda] Write cache: enabled, read cache: enabled, doesn't support DPO or FUA
[    2.076311] ata2.00: Enabling discard_zeroes_data
[    2.076325] sd 2:0:0:0: [sdb] 1953525168 512-byte logical blocks: (1.00 TB/932 GiB)
[    2.076326] sd 2:0:0:0: [sdb] 4096-byte physical blocks
[    2.076328] sd 2:0:0:0: Attached scsi generic sg2 type 0
[    2.076329] sd 2:0:0:0: [sdb] Write Protect is off
[    2.076330] sd 2:0:0:0: [sdb] Mode Sense: 00 3a 00 00
[    2.076337] sd 2:0:0:0: [sdb] Write cache: enabled, read cache: enabled, doesn't support DPO or FUA
[    2.076391] scsi 5:0:0:0: Direct-Access     ATA      Samsung SSD 850  3B6Q PQ: 0 ANSI: 5
[    2.076449] sd 5:0:0:0: [sdc] 488397168 512-byte logical blocks: (250 GB/233 GiB)
[    2.076453] sd 5:0:0:0: [sdc] Write Protect is off
[    2.076454] sd 5:0:0:0: [sdc] Mode Sense: 00 3a 00 00
[    2.076459] sd 5:0:0:0: [sdc] Write cache: enabled, read cache: enabled, doesn't support DPO or FUA
[    2.076567] sd 5:0:0:0: Attached scsi generic sg3 type 0
[    2.076623]  sda: sda1 sda2 < sda5 >
[    2.076706] ata2.00: Enabling discard_zeroes_data
[    2.077752] sd 1:0:0:0: [sda] supports TCG Opal
[    2.077753] sd 1:0:0:0: [sda] Attached SCSI disk
[    2.078924]  sdc: sdc1 sdc2 sdc3 sdc4 sdc5
[    2.079351] sd 5:0:0:0: [sdc] supports TCG Opal
[    2.079352] sd 5:0:0:0: [sdc] Attached SCSI disk
[    2.094581]  sdb: sdb1
[    2.095455] sd 2:0:0:0: [sdb] Attached SCSI disk
[    2.108490] random: fast init done
[    2.109524] random: systemd-udevd: uninitialized urandom read (16 bytes read)
[    2.110885] random: systemd-udevd: uninitialized urandom read (16 bytes read)
[    2.113372] random: systemd-udevd: uninitialized urandom read (16 bytes read)
[    2.136168] usb 2-5: new SuperSpeed USB device number 3 using xhci_hcd
[    2.156901] usb 2-5: New USB device found, idVendor=1058, idProduct=1230
[    2.156902] usb 2-5: New USB device strings: Mfr=2, Product=3, SerialNumber=1
[    2.156903] usb 2-5: Product: My Book 1230
[    2.156904] usb 2-5: Manufacturer: Western Digital
[    2.156905] usb 2-5: SerialNumber: 5743433445314A4A30375258
[    2.159548] usb-storage 2-4:1.0: USB Mass Storage device detected
[    2.159632] scsi host6: usb-storage 2-4:1.0
[    2.159673] usb-storage 2-5:1.0: USB Mass Storage device detected
[    2.159705] scsi host7: usb-storage 2-5:1.0
[    2.159733] usbcore: registered new interface driver usb-storage
[    2.160385] usbcore: registered new interface driver uas
[    2.284166] usb 1-10: new full-speed USB device number 3 using xhci_hcd
[    2.437968] usb 1-10: New USB device found, idVendor=0d8c, idProduct=0014
[    2.437969] usb 1-10: New USB device strings: Mfr=1, Product=2, SerialNumber=0
[    2.437970] usb 1-10: Product: USB Audio Device
[    2.437971] usb 1-10: Manufacturer: C-Media Electronics Inc.
[    2.564157] usb 1-11: new full-speed USB device number 4 using xhci_hcd
[    2.713623] usb 1-11: New USB device found, idVendor=046d, idProduct=c08b
[    2.713624] usb 1-11: New USB device strings: Mfr=1, Product=2, SerialNumber=3
[    2.713625] usb 1-11: Product: G502 HERO Gaming Mouse
[    2.713626] usb 1-11: Manufacturer: Logitech
[    2.713627] usb 1-11: SerialNumber: 0E84385E3838
[    2.840166] usb 1-12: new full-speed USB device number 5 using xhci_hcd
[    2.991244] usb 1-12: New USB device found, idVendor=1532, idProduct=010e
[    2.991246] usb 1-12: New USB device strings: Mfr=1, Product=2, SerialNumber=0
[    2.991247] usb 1-12: Product: Razer BlackWidow
[    2.991247] usb 1-12: Manufacturer: Razer
[    2.994414] hidraw: raw HID events driver (C) Jiri Kosina
[    3.006110] usbcore: registered new interface driver usbhid
[    3.006111] usbhid: USB HID core driver
[    3.007366] input: Valve Software Steam Controller as /devices/pci0000:00/0000:00:14.0/usb1/1-1/1-1:1.0/0003:28DE:1142.0001/input/input6
[    3.064492] hid-generic 0003:28DE:1142.0001: input,hidraw0: USB HID v1.11 Keyboard [Valve Software Steam Controller] on usb-0000:00:14.0-1/input0
[    3.064738] hid-generic 0003:28DE:1142.0002: hiddev0,hidraw1: USB HID v1.11 Device [Valve Software Steam Controller] on usb-0000:00:14.0-1/input1
[    3.064928] hid-generic 0003:28DE:1142.0003: hiddev1,hidraw2: USB HID v1.11 Device [Valve Software Steam Controller] on usb-0000:00:14.0-1/input2
[    3.064981] hid-generic 0003:28DE:1142.0004: hiddev2,hidraw3: USB HID v1.11 Device [Valve Software Steam Controller] on usb-0000:00:14.0-1/input3
[    3.065029] hid-generic 0003:28DE:1142.0005: hiddev3,hidraw4: USB HID v1.11 Device [Valve Software Steam Controller] on usb-0000:00:14.0-1/input4
[    3.065074] input: C-Media Electronics Inc. USB Audio Device as /devices/pci0000:00/0000:00:14.0/usb1/1-10/1-10:1.3/0003:0D8C:0014.0006/input/input7
[    3.124104] hid-generic 0003:0D8C:0014.0006: input,hidraw5: USB HID v1.00 Device [C-Media Electronics Inc. USB Audio Device] on usb-0000:00:14.0-10/input3
[    3.124150] input: Logitech G502 HERO Gaming Mouse as /devices/pci0000:00/0000:00:14.0/usb1/1-11/1-11:1.0/0003:046D:C08B.0007/input/input8
[    3.124339] hid-generic 0003:046D:C08B.0007: input,hidraw6: USB HID v1.11 Mouse [Logitech G502 HERO Gaming Mouse] on usb-0000:00:14.0-11/input0
[    3.124458] input: Logitech G502 HERO Gaming Mouse as /devices/pci0000:00/0000:00:14.0/usb1/1-11/1-11:1.1/0003:046D:C08B.0008/input/input9
[    3.164706] scsi 7:0:0:0: Direct-Access     WD       My Book 1230     1065 PQ: 0 ANSI: 6
[    3.164725] scsi 6:0:0:0: Direct-Access     WD       easystore 25FB   3004 PQ: 0 ANSI: 6
[    3.164993] scsi 7:0:0:1: Enclosure         WD       SES Device       1065 PQ: 0 ANSI: 6
[    3.165018] scsi 6:0:0:1: Enclosure         WD       SES Device       3004 PQ: 0 ANSI: 6
[    3.165858] sd 6:0:0:0: Attached scsi generic sg4 type 0
[    3.165907] scsi 6:0:0:1: Attached scsi generic sg5 type 13
[    3.166029] sd 7:0:0:0: Attached scsi generic sg6 type 0
[    3.166038] sd 6:0:0:0: [sdd] Very big device. Trying to use READ CAPACITY(16).
[    3.166085] scsi 7:0:0:1: Attached scsi generic sg7 type 13
[    3.166137] sd 6:0:0:0: [sdd] 15628052480 512-byte logical blocks: (8.00 TB/7.28 TiB)
[    3.166138] sd 6:0:0:0: [sdd] 4096-byte physical blocks
[    3.166255] sd 7:0:0:0: [sde] 976746240 4096-byte logical blocks: (4.00 TB/3.64 TiB)
[    3.166339] sd 6:0:0:0: [sdd] Write Protect is off
[    3.166340] sd 6:0:0:0: [sdd] Mode Sense: 47 00 10 08
[    3.166496] sd 7:0:0:0: [sde] Write Protect is off
[    3.166497] sd 7:0:0:0: [sde] Mode Sense: 53 00 10 08
[    3.166534] sd 6:0:0:0: [sdd] No Caching mode page found
[    3.166536] sd 6:0:0:0: [sdd] Assuming drive cache: write through
[    3.166721] sd 7:0:0:0: [sde] No Caching mode page found
[    3.166723] sd 7:0:0:0: [sde] Assuming drive cache: write through
[    3.166801] sd 6:0:0:0: [sdd] Very big device. Trying to use READ CAPACITY(16).
[    3.167572]  sde: sde1
[    3.168354] sd 7:0:0:0: [sde] Attached SCSI disk
[    3.168766] scsi 6:0:0:1: Wrong diagnostic page; asked for 1 got 8
[    3.168768] scsi 6:0:0:1: Failed to get diagnostic page 0x1
[    3.168769] scsi 6:0:0:1: Failed to bind enclosure -19
[    3.169107] scsi 7:0:0:1: Failed to get diagnostic page 0x1
[    3.169109] scsi 7:0:0:1: Failed to bind enclosure -19
[    3.169117] ses 6:0:0:1: Attached Enclosure device
[    3.169126] ses 7:0:0:1: Attached Enclosure device
[    3.171617]  sdd: sdd1
[    3.171965] sd 6:0:0:0: [sdd] Very big device. Trying to use READ CAPACITY(16).
[    3.172486] sd 6:0:0:0: [sdd] Attached SCSI disk
[    3.184141] hid-generic 0003:046D:C08B.0008: input,hiddev4,hidraw7: USB HID v1.11 Keyboard [Logitech G502 HERO Gaming Mouse] on usb-0000:00:14.0-11/input1
[    3.184216] input: Razer Razer BlackWidow as /devices/pci0000:00/0000:00:14.0/usb1/1-12/1-12:1.0/0003:1532:010E.0009/input/input10
[    3.244385] hid-generic 0003:1532:010E.0009: input,hidraw8: USB HID v1.11 Keyboard [Razer Razer BlackWidow] on usb-0000:00:14.0-12/input0
[    3.244500] input: Razer Razer BlackWidow as /devices/pci0000:00/0000:00:14.0/usb1/1-12/1-12:1.1/0003:1532:010E.000A/input/input11
[    3.304398] hid-generic 0003:1532:010E.000A: input,hidraw9: USB HID v1.11 Device [Razer Razer BlackWidow] on usb-0000:00:14.0-12/input1
[    3.304482] input: Razer Razer BlackWidow as /devices/pci0000:00/0000:00:14.0/usb1/1-12/1-12:1.2/0003:1532:010E.000B/input/input12
[    3.304745] hid-generic 0003:1532:010E.000B: input,hidraw10: USB HID v1.11 Mouse [Razer Razer BlackWidow] on usb-0000:00:14.0-12/input2
[    4.488039] raid6: sse2x1   gen() 14232 MB/s
[    4.536033] raid6: sse2x1   xor() 10069 MB/s
[    4.584035] raid6: sse2x2   gen() 17496 MB/s
[    4.632034] raid6: sse2x2   xor() 11738 MB/s
[    4.680034] raid6: sse2x4   gen() 20024 MB/s
[    4.728034] raid6: sse2x4   xor() 12173 MB/s
[    4.776034] raid6: avx2x1   gen() 26882 MB/s
[    4.824033] raid6: avx2x1   xor() 18473 MB/s
[    4.872036] raid6: avx2x2   gen() 32922 MB/s
[    4.920034] raid6: avx2x2   xor() 20281 MB/s
[    4.968034] raid6: avx2x4   gen() 37206 MB/s
[    5.016033] raid6: avx2x4   xor() 22427 MB/s
[    5.016034] raid6: using algorithm avx2x4 gen() 37206 MB/s
[    5.016034] raid6: .... xor() 22427 MB/s, rmw enabled
[    5.016035] raid6: using avx2x2 recovery algorithm
[    5.017948] xor: automatically using best checksumming function   avx       
[    5.028293] Btrfs loaded, crc32c=crc32c-intel
[    5.316267] EXT4-fs (sda1): mounted filesystem with ordered data mode. Opts: (null)
[    5.343465] random: crng init done
[    5.343466] random: 7 urandom warning(s) missed due to ratelimiting
[    5.435878] ip_tables: (C) 2000-2006 Netfilter Core Team
[    5.441476] systemd[1]: systemd 237 running in system mode. (+PAM +AUDIT +SELINUX +IMA +APPARMOR +SMACK +SYSVINIT +UTMP +LIBCRYPTSETUP +GCRYPT +GNUTLS +ACL +XZ +LZ4 +SECCOMP +BLKID +ELFUTILS +KMOD -IDN2 +IDN -PCRE2 default-hierarchy=hybrid)
[    5.460115] systemd[1]: Detected architecture x86-64.
[    5.461939] systemd[1]: Set hostname to <bspeice-MS-7971>.
[    5.557776] systemd[1]: Reached target User and Group Name Lookups.
[    5.557819] systemd[1]: Reached target Libvirt guests shutdown.
[    5.557833] systemd[1]: Reached target Remote File Systems.
[    5.558427] systemd[1]: Created slice User and Session Slice.
[    5.558568] systemd[1]: Set up automount Arbitrary Executable File Formats File System Automount Point.
[    5.558604] systemd[1]: Started Forward Password Requests to Wall Directory Watch.
[    5.558791] systemd[1]: Created slice System Slice.
[    5.653507] lp: driver loaded but no devices found
[    5.664729] ppdev: user-space parallel port driver
[    5.665986] parport_pc 00:01: reported by Plug and Play ACPI
[    5.666056] parport0: PC-style at 0x378, irq 5 [PCSPP]
[    5.702876] EXT4-fs (sda1): re-mounted. Opts: errors=remount-ro
[    5.739083] systemd-journald[367]: Received request to flush runtime journal from PID 1
[    5.758019] Adding 2097148k swap on /swapfile.  Priority:-2 extents:6 across:2260988k SSFS
[    5.768156] lp0: using parport0 (interrupt-driven).
[    5.832625] systemd-journald[367]: File /var/log/journal/ef635a010d284bc38d762d2b9f0e65ac/system.journal corrupted or uncleanly shut down, renaming and replacing.
[    5.892297] (NULL device *): hwmon_device_register() is deprecated. Please convert the driver to use hwmon_device_register_with_info().
[    5.918527] intel-lpss 0000:00:15.0: enabling device (0000 -> 0002)
[    5.928285] idma64 idma64.0: Found Intel integrated DMA 64-bit
[    5.932776] intel-lpss 0000:00:15.1: enabling device (0000 -> 0002)
[    5.932981] idma64 idma64.1: Found Intel integrated DMA 64-bit
[    5.944682] intel-lpss 0000:00:1e.0: enabling device (0000 -> 0002)
[    5.944924] idma64 idma64.2: Found Intel integrated DMA 64-bit
[    5.965257] shpchp: Standard Hot Plug PCI Controller Driver version: 0.4
[    5.968759] mei_me 0000:00:16.0: enabling device (0000 -> 0002)
[    5.991904] ipmi message handler version 39.2
[    5.994560] ipmi device interface
[    6.019145] cfg80211: Loading compiled-in X.509 certificates for regulatory database
[    6.034260] cfg80211: Loaded X.509 cert 'sforshee: 00b28ddf47aef9cea7'
[    6.169794] ath: EEPROM regdomain: 0x21
[    6.169796] ath: EEPROM indicates we should expect a direct regpair map
[    6.169796] ath: Country alpha2 being used: AU
[    6.169797] ath: Regpair used: 0x21
[    6.174612] nvidia: loading out-of-tree module taints kernel.
[    6.174619] nvidia: module license 'NVIDIA' taints kernel.
[    6.174619] Disabling lock debugging due to kernel taint
[    6.177161] ieee80211 phy0: Selected rate control algorithm 'minstrel_ht'
[    6.177480] ieee80211 phy0: Atheros AR9300 Rev:3 mem=0xffffa71044540000, irq=19
[    6.181724] nvidia: module verification failed: signature and/or required key missing - tainting kernel
[    6.200469] nvidia-nvlink: Nvlink Core is being initialized, major device number 240
[    6.200801] nvidia 0000:01:00.0: vgaarb: changed VGA decodes: olddecodes=io+mem,decodes=none:owns=io+mem
[    6.303175] snd_hda_intel 0000:01:00.1: Disabling MSI
[    6.303181] snd_hda_intel 0000:01:00.1: Handle vga_switcheroo audio client
[    6.304654] RAPL PMU: API unit is 2^-32 Joules, 5 fixed counters, 655360 ms ovfl timer
[    6.304655] RAPL PMU: hw unit of domain pp0-core 2^-14 Joules
[    6.304655] RAPL PMU: hw unit of domain package 2^-14 Joules
[    6.304656] RAPL PMU: hw unit of domain dram 2^-14 Joules
[    6.304656] RAPL PMU: hw unit of domain pp1-gpu 2^-14 Joules
[    6.304657] RAPL PMU: hw unit of domain psys 2^-14 Joules
[    6.304869] NVRM: loading NVIDIA UNIX x86_64 Kernel Module  415.27  Thu Dec 20 17:25:03 CST 2018 (using threaded interrupts)
[    6.309023] snd_hda_codec_realtek hdaudioC0D0: autoconfig for ALC887-VD: line_outs=1 (0x14/0x0/0x0/0x0/0x0) type:line
[    6.309025] snd_hda_codec_realtek hdaudioC0D0:    speaker_outs=0 (0x0/0x0/0x0/0x0/0x0)
[    6.309027] snd_hda_codec_realtek hdaudioC0D0:    hp_outs=1 (0x1b/0x0/0x0/0x0/0x0)
[    6.309028] snd_hda_codec_realtek hdaudioC0D0:    mono: mono_out=0x0
[    6.309028] snd_hda_codec_realtek hdaudioC0D0:    inputs:
[    6.309030] snd_hda_codec_realtek hdaudioC0D0:      Front Mic=0x19
[    6.309031] snd_hda_codec_realtek hdaudioC0D0:      Rear Mic=0x18
[    6.309032] snd_hda_codec_realtek hdaudioC0D0:      Line=0x1a
[    6.322426] input: HDA Intel PCH Front Mic as /devices/pci0000:00/0000:00:1f.3/sound/card0/input13
[    6.322466] input: HDA Intel PCH Rear Mic as /devices/pci0000:00/0000:00:1f.3/sound/card0/input14
[    6.322507] input: HDA Intel PCH Line as /devices/pci0000:00/0000:00:1f.3/sound/card0/input15
[    6.322542] input: HDA Intel PCH Line Out as /devices/pci0000:00/0000:00:1f.3/sound/card0/input16
[    6.322576] input: HDA Intel PCH Front Headphone as /devices/pci0000:00/0000:00:1f.3/sound/card0/input17
[    6.334598] AVX2 version of gcm_enc/dec engaged.
[    6.334599] AES CTR mode by8 optimization enabled
[    6.337392] usbcore: registered new interface driver snd-usb-audio
[    6.342860] nvidia-modeset: Loading NVIDIA Kernel Mode Setting Driver for UNIX platforms  415.27  Thu Dec 20 17:06:08 CST 2018
[    6.354294] [drm] [nvidia-drm] [GPU ID 0x00000100] Loading driver
[    6.354296] [drm] Initialized nvidia-drm 0.0.0 20160202 for 0000:01:00.0 on minor 0
[    6.450478] intel_rapl: Found RAPL domain package
[    6.450480] intel_rapl: Found RAPL domain core
[    6.450481] intel_rapl: Found RAPL domain dram
[    6.646159] ath9k 0000:02:00.0 wlp2s0: renamed from wlan0
[    6.672095] nvidia-uvm: Loaded the UVM driver in 8 mode, major device number 238
[    6.726230] dw-apb-uart.2: ttyS4 at MMIO 0xdf32b000 (irq = 20, base_baud = 115200) is a 16550A
[    7.220401] input: HDA NVidia HDMI/DP,pcm=3 as /devices/pci0000:00/0000:00:01.0/0000:01:00.1/sound/card1/input18
[    7.220435] input: HDA NVidia HDMI/DP,pcm=7 as /devices/pci0000:00/0000:00:01.0/0000:01:00.1/sound/card1/input19
[    7.220461] input: HDA NVidia HDMI/DP,pcm=8 as /devices/pci0000:00/0000:00:01.0/0000:01:00.1/sound/card1/input20
[    7.220486] input: HDA NVidia HDMI/DP,pcm=9 as /devices/pci0000:00/0000:00:01.0/0000:01:00.1/sound/card1/input21
[    7.420498] EXT4-fs (sdb1): mounted filesystem with ordered data mode. Opts: (null)
[    7.648990] EXT4-fs (sda5): mounted filesystem with ordered data mode. Opts: (null)
[    7.724122] audit: type=1400 audit(1567880406.072:2): apparmor="STATUS" operation="profile_load" profile="unconfined" name="/usr/bin/man" pid=1107 comm="apparmor_parser"
[    7.724124] audit: type=1400 audit(1567880406.072:3): apparmor="STATUS" operation="profile_load" profile="unconfined" name="man_filter" pid=1107 comm="apparmor_parser"
[    7.724126] audit: type=1400 audit(1567880406.072:4): apparmor="STATUS" operation="profile_load" profile="unconfined" name="man_groff" pid=1107 comm="apparmor_parser"
[    7.724970] audit: type=1400 audit(1567880406.072:5): apparmor="STATUS" operation="profile_load" profile="unconfined" name="libreoffice-senddoc" pid=1109 comm="apparmor_parser"
[    7.724989] audit: type=1400 audit(1567880406.072:6): apparmor="STATUS" operation="profile_load" profile="unconfined" name="/usr/lib/lightdm/lightdm-guest-session" pid=1104 comm="apparmor_parser"
[    7.724991] audit: type=1400 audit(1567880406.072:7): apparmor="STATUS" operation="profile_load" profile="unconfined" name="/usr/lib/lightdm/lightdm-guest-session//chromium" pid=1104 comm="apparmor_parser"
[    7.727215] audit: type=1400 audit(1567880406.072:8): apparmor="STATUS" operation="profile_load" profile="unconfined" name="/sbin/dhclient" pid=1105 comm="apparmor_parser"
[    7.727217] audit: type=1400 audit(1567880406.072:9): apparmor="STATUS" operation="profile_load" profile="unconfined" name="/usr/lib/NetworkManager/nm-dhcp-client.action" pid=1105 comm="apparmor_parser"
[    7.727219] audit: type=1400 audit(1567880406.072:10): apparmor="STATUS" operation="profile_load" profile="unconfined" name="/usr/lib/NetworkManager/nm-dhcp-helper" pid=1105 comm="apparmor_parser"
[    7.727220] audit: type=1400 audit(1567880406.072:11): apparmor="STATUS" operation="profile_load" profile="unconfined" name="/usr/lib/connman/scripts/dhclient-script" pid=1105 comm="apparmor_parser"
[    9.030550] IPv6: ADDRCONF(NETDEV_UP): enp6s0: link is not ready
[    9.035991] aufs 4.15-20180219
[    9.118622] r8169 0000:06:00.0 enp6s0: link down
[    9.118651] r8169 0000:06:00.0 enp6s0: link down
[    9.118729] IPv6: ADDRCONF(NETDEV_UP): enp6s0: link is not ready
[    9.293918] IPv6: ADDRCONF(NETDEV_UP): wlp2s0: link is not ready
[    9.862614] bridge: filtering via arp/ip/ip6tables is no longer available by default. Update your scripts to load br_netfilter if you need this.
[    9.864351] virbr0: port 1(virbr0-nic) entered blocking state
[    9.864352] virbr0: port 1(virbr0-nic) entered disabled state
[    9.865767] device virbr0-nic entered promiscuous mode
[    9.869312] device virbr0-nic left promiscuous mode
[    9.869316] virbr0: port 1(virbr0-nic) entered disabled state
[   12.492429] r8169 0000:06:00.0 enp6s0: link up
[   12.492443] IPv6: ADDRCONF(NETDEV_CHANGE): enp6s0: link becomes ready
[   18.304046] snd_hda_codec_hdmi hdaudioC1D0: HDMI: invalid ELD data byte 13
[  354.560014] CPU3: Core temperature above threshold, cpu clock throttled (total events = 23)
[  354.560040] CPU1: Package temperature above threshold, cpu clock throttled (total events = 745)
[  354.560040] CPU2: Package temperature above threshold, cpu clock throttled (total events = 745)
[  354.560041] CPU0: Package temperature above threshold, cpu clock throttled (total events = 746)
[  354.561053] CPU0: Package temperature/speed normal
[  354.561053] CPU1: Package temperature/speed normal
[  354.561054] CPU2: Package temperature/speed normal
[  354.562697] CPU3: Core temperature/speed normal
[  726.823017] CPU1: Core temperature above threshold, cpu clock throttled (total events = 115)
[  726.823042] CPU0: Package temperature above threshold, cpu clock throttled (total events = 4726)
[  726.823043] CPU3: Package temperature above threshold, cpu clock throttled (total events = 4724)
[  726.823044] CPU2: Package temperature above threshold, cpu clock throttled (total events = 4725)
[  726.824042] CPU0: Package temperature/speed normal
[  726.824043] CPU2: Package temperature/speed normal
[  726.824044] CPU3: Package temperature/speed normal
[  726.938105] CPU1: Core temperature/speed normal
[ 1797.141042] CPU2: Core temperature above threshold, cpu clock throttled (total events = 21)
[ 1797.141048] CPU0: Package temperature above threshold, cpu clock throttled (total events = 6382)
[ 1797.141049] CPU1: Package temperature above threshold, cpu clock throttled (total events = 6380)
[ 1797.141050] CPU3: Package temperature above threshold, cpu clock throttled (total events = 6380)
[ 1797.142050] CPU0: Package temperature/speed normal
[ 1797.142050] CPU1: Package temperature/speed normal
[ 1797.142051] CPU3: Package temperature/speed normal
[ 1797.143647] CPU2: Core temperature/speed normal
[20720.383716] r8169 0000:06:00.0 enp6s0: link down
[20725.590453] r8169 0000:06:00.0 enp6s0: link up
[20736.116751] r8169 0000:06:00.0 enp6s0: link down
[20738.858213] r8169 0000:06:00.0 enp6s0: link up
[24010.033399] xhci_hcd 0000:00:14.0: Cannot set link state.
[24010.033402] usb usb2-port5: cannot disable (err = -32)
[24010.033962] usb 2-5: USB disconnect, device number 3
[25233.683613] usb 2-5: new SuperSpeed USB device number 4 using xhci_hcd
[25233.704328] usb 2-5: New USB device found, idVendor=1058, idProduct=1230
[25233.704330] usb 2-5: New USB device strings: Mfr=2, Product=3, SerialNumber=1
[25233.704331] usb 2-5: Product: My Book 1230
[25233.704332] usb 2-5: Manufacturer: Western Digital
[25233.704333] usb 2-5: SerialNumber: 5743433445314A4A30375258
[25233.705690] usb-storage 2-5:1.0: USB Mass Storage device detected
[25233.705839] scsi host7: usb-storage 2-5:1.0
[25234.731962] scsi 7:0:0:0: Direct-Access     WD       My Book 1230     1065 PQ: 0 ANSI: 6
[25234.732173] scsi 7:0:0:1: Enclosure         WD       SES Device       1065 PQ: 0 ANSI: 6
[25234.733066] sd 7:0:0:0: Attached scsi generic sg6 type 0
[25234.733141] ses 7:0:0:1: Attached Enclosure device
[25234.733187] ses 7:0:0:1: Attached scsi generic sg7 type 13
[25234.733659] ses 7:0:0:1: Failed to get diagnostic page 0x1
[25234.734185] sd 7:0:0:0: [sde] Spinning up disk...
[25234.734193] ses 7:0:0:1: Failed to bind enclosure -19
[25235.755581] .
[25236.779597] .
[25237.803607] .
[25238.827623] .
[25239.851636] .
[25240.875649] .
[25241.899662] .
[25242.956500] .
[25243.979694] .
[25245.003699] .
[25245.179654] ready
[25245.179838] sd 7:0:0:0: [sde] 976746240 4096-byte logical blocks: (4.00 TB/3.64 TiB)
[25245.180125] sd 7:0:0:0: [sde] Write Protect is off
[25245.180127] sd 7:0:0:0: [sde] Mode Sense: 53 00 10 08
[25245.180364] sd 7:0:0:0: [sde] No Caching mode page found
[25245.181186] sd 7:0:0:0: [sde] Assuming drive cache: write through
[25245.315011]  sde: sde1
[25245.316861] sd 7:0:0:0: [sde] Attached SCSI disk
[56960.814461] watchdog: BUG: soft lockup - CPU#1 stuck for 22s! [md_shootout:16648]
[56960.815180] Modules linked in: bridge stp llc devlink aufs overlay binfmt_misc snd_hda_codec_hdmi nvidia_uvm(OE) 8250_dw mxm_wmi intel_rapl x86_pkg_temp_thermal intel_powerclamp coretemp kvm_intel kvm irqbypass crct10dif_pclmul crc32_pclmul ghash_clmulni_intel pcbc nvidia_drm(POE) aesni_intel nvidia_modeset(POE) snd_usb_audio aes_x86_64 crypto_simd glue_helper cryptd snd_hda_codec_realtek intel_cstate snd_usbmidi_lib snd_hda_codec_generic intel_rapl_perf snd_hda_intel snd_hda_codec snd_hda_core nvidia(POE) snd_hwdep serio_raw arc4 snd_pcm snd_seq_midi snd_seq_midi_event snd_rawmidi ath9k ath9k_common ath9k_hw snd_seq ath snd_seq_device snd_timer mac80211 drm_kms_helper joydev snd cfg80211 drm input_leds ipmi_devintf ipmi_msghandler fb_sys_fops syscopyarea sysfillrect sysimgblt soundcore mei_me mei
[56960.815212]  acpi_pad wmi shpchp idma64 virt_dma sch_fq_codel intel_lpss_pci intel_lpss mac_hid intel_pch_thermal parport_pc ppdev lp parport ip_tables x_tables autofs4 btrfs xor zstd_compress raid6_pq dm_mirror dm_region_hash dm_log ses enclosure scsi_transport_sas hid_generic usbhid hid uas usb_storage psmouse r8169 ahci mii libahci video pinctrl_sunrisepoint
[56960.815229] CPU: 1 PID: 16648 Comm: md_shootout Tainted: P           OE    4.15.0-55-generic #60-Ubuntu
[56960.815230] Hardware name: MSI MS-7971/B150 PC MATE (MS-7971), BIOS C.80 07/27/2016
[56960.815232] RIP: 0033:0x7efdf77eeb1f
[56960.815233] RSP: 002b:00007fffd45f07b8 EFLAGS: 00010202 ORIG_RAX: ffffffffffffff11
[56960.815234] RAX: 00007fffd45fbb08 RBX: 00007efdf77eead0 RCX: 0000000000000338
[56960.815235] RDX: 0000000000005838 RSI: 00007fffd45fb650 RDI: 00007fffd4601008
[56960.815235] RBP: 00007fffd45f08f8 R08: 00007efa2be97f7e R09: 00007fffd45fb988
[56960.815236] R10: 0000000000008001 R11: 0000000000000064 R12: 0000000000000001
[56960.815237] R13: 0000000000000018 R14: 00007fffd45fbb08 R15: 0000000000000000
[56960.815238] FS:  00007efdf848c800(0000) GS:ffff95b66ec80000(0000) knlGS:0000000000000000
[56960.815239] CS:  0010 DS: 0000 ES: 0000 CR0: 0000000080050033
[56960.815239] CR2: 00007efcfbe97000 CR3: 00000007f9afc006 CR4: 00000000003606e0
[56960.815240] DR0: 0000000000000000 DR1: 0000000000000000 DR2: 0000000000000000
[56960.815241] DR3: 0000000000000000 DR6: 00000000fffe0ff0 DR7: 0000000000000400
[57496.823059] watchdog: BUG: soft lockup - CPU#1 stuck for 21s! [md_shootout:19706]
[57496.823776] Modules linked in: bridge stp llc devlink aufs overlay binfmt_misc snd_hda_codec_hdmi nvidia_uvm(OE) 8250_dw mxm_wmi intel_rapl x86_pkg_temp_thermal intel_powerclamp coretemp kvm_intel kvm irqbypass crct10dif_pclmul crc32_pclmul ghash_clmulni_intel pcbc nvidia_drm(POE) aesni_intel nvidia_modeset(POE) snd_usb_audio aes_x86_64 crypto_simd glue_helper cryptd snd_hda_codec_realtek intel_cstate snd_usbmidi_lib snd_hda_codec_generic intel_rapl_perf snd_hda_intel snd_hda_codec snd_hda_core nvidia(POE) snd_hwdep serio_raw arc4 snd_pcm snd_seq_midi snd_seq_midi_event snd_rawmidi ath9k ath9k_common ath9k_hw snd_seq ath snd_seq_device snd_timer mac80211 drm_kms_helper joydev snd cfg80211 drm input_leds ipmi_devintf ipmi_msghandler fb_sys_fops syscopyarea sysfillrect sysimgblt soundcore mei_me mei
[57496.823808]  acpi_pad wmi shpchp idma64 virt_dma sch_fq_codel intel_lpss_pci intel_lpss mac_hid intel_pch_thermal parport_pc ppdev lp parport ip_tables x_tables autofs4 btrfs xor zstd_compress raid6_pq dm_mirror dm_region_hash dm_log ses enclosure scsi_transport_sas hid_generic usbhid hid uas usb_storage psmouse r8169 ahci mii libahci video pinctrl_sunrisepoint
[57496.823826] CPU: 1 PID: 19706 Comm: md_shootout Tainted: P           OEL   4.15.0-55-generic #60-Ubuntu
[57496.823827] Hardware name: MSI MS-7971/B150 PC MATE (MS-7971), BIOS C.80 07/27/2016
[57496.823829] RIP: 0033:0x7f461ddf1b1f
[57496.823829] RSP: 002b:00007fff3918f898 EFLAGS: 00010283 ORIG_RAX: ffffffffffffff11
[57496.823831] RAX: 00007fff3918f9e8 RBX: 00007f461ddf1ad0 RCX: 0000000000000218
[57496.823831] RDX: 0000000000005838 RSI: 00007fff3919a840 RDI: 00007fff39195008
[57496.823832] RBP: 00007fff39195220 R08: 00007f4451399456 R09: 00007fff39195220
[57496.823833] R10: 0000000000008001 R11: 0000000000001be1 R12: 000000002528e190
[57496.823833] R13: 00007fff3918f9e8 R14: 000000000225443b R15: 000000000000e098
[57496.823834] FS:  00007f461ea8f800(0000) GS:ffff95b66ec80000(0000) knlGS:0000000000000000
[57496.823835] CS:  0010 DS: 0000 ES: 0000 CR0: 0000000080050033
[57496.823836] CR2: 00007f4573f01000 CR3: 0000000840d88001 CR4: 00000000003606e0
[57496.823837] DR0: 0000000000000000 DR1: 0000000000000000 DR2: 0000000000000000
[57496.823837] DR3: 0000000000000000 DR6: 00000000fffe0ff0 DR7: 0000000000000400
[57884.829665] watchdog: BUG: soft lockup - CPU#1 stuck for 23s! [md_shootout:22322]
[57884.830469] Modules linked in: bridge stp llc devlink aufs overlay binfmt_misc snd_hda_codec_hdmi nvidia_uvm(OE) 8250_dw mxm_wmi intel_rapl x86_pkg_temp_thermal intel_powerclamp coretemp kvm_intel kvm irqbypass crct10dif_pclmul crc32_pclmul ghash_clmulni_intel pcbc nvidia_drm(POE) aesni_intel nvidia_modeset(POE) snd_usb_audio aes_x86_64 crypto_simd glue_helper cryptd snd_hda_codec_realtek intel_cstate snd_usbmidi_lib snd_hda_codec_generic intel_rapl_perf snd_hda_intel snd_hda_codec snd_hda_core nvidia(POE) snd_hwdep serio_raw arc4 snd_pcm snd_seq_midi snd_seq_midi_event snd_rawmidi ath9k ath9k_common ath9k_hw snd_seq ath snd_seq_device snd_timer mac80211 drm_kms_helper joydev snd cfg80211 drm input_leds ipmi_devintf ipmi_msghandler fb_sys_fops syscopyarea sysfillrect sysimgblt soundcore mei_me mei
[57884.830504]  acpi_pad wmi shpchp idma64 virt_dma sch_fq_codel intel_lpss_pci intel_lpss mac_hid intel_pch_thermal parport_pc ppdev lp parport ip_tables x_tables autofs4 btrfs xor zstd_compress raid6_pq dm_mirror dm_region_hash dm_log ses enclosure scsi_transport_sas hid_generic usbhid hid uas usb_storage psmouse r8169 ahci mii libahci video pinctrl_sunrisepoint
[57884.830524] CPU: 1 PID: 22322 Comm: md_shootout Tainted: P           OEL   4.15.0-55-generic #60-Ubuntu
[57884.830524] Hardware name: MSI MS-7971/B150 PC MATE (MS-7971), BIOS C.80 07/27/2016
[57884.830527] RIP: 0033:0x7f07f0863b1f
[57884.830527] RSP: 002b:00007ffeb2f302a8 EFLAGS: 00010246 ORIG_RAX: ffffffffffffff11
[57884.830529] RAX: 00007ffeb2f35c30 RBX: 00007f07f0863ad0 RCX: 0000000000003468
[57884.830530] RDX: 0000000000005848 RSI: 00007ffeb2f327c8 RDI: 00007ffeb2f38010
[57884.830531] RBP: 00007ffeb2f303e8 R08: 00007f061fa18c1e R09: 00007ffeb2f35c30
[57884.830531] R10: 0000000000008001 R11: 0000000000000064 R12: 0000000000000000
[57884.830532] R13: 000000000000000b R14: 00007ffeb2f3b5f8 R15: 0000000000000000
[57884.830533] FS:  00007f07f1501800(0000) GS:ffff95b66ec80000(0000) knlGS:0000000000000000
[57884.830534] CS:  0010 DS: 0000 ES: 0000 CR0: 0000000080050033
[57884.830535] CR2: 00007f071f727000 CR3: 00000008443d0003 CR4: 00000000003606e0
[57884.830536] DR0: 0000000000000000 DR1: 0000000000000000 DR2: 0000000000000000
[57884.830537] DR3: 0000000000000000 DR6: 00000000fffe0ff0 DR7: 0000000000000400
[58356.838313] watchdog: BUG: soft lockup - CPU#1 stuck for 21s! [md_shootout:25100]
[58356.839276] Modules linked in: bridge stp llc devlink aufs overlay binfmt_misc snd_hda_codec_hdmi nvidia_uvm(OE) 8250_dw mxm_wmi intel_rapl x86_pkg_temp_thermal intel_powerclamp coretemp kvm_intel kvm irqbypass crct10dif_pclmul crc32_pclmul ghash_clmulni_intel pcbc nvidia_drm(POE) aesni_intel nvidia_modeset(POE) snd_usb_audio aes_x86_64 crypto_simd glue_helper cryptd snd_hda_codec_realtek intel_cstate snd_usbmidi_lib snd_hda_codec_generic intel_rapl_perf snd_hda_intel snd_hda_codec snd_hda_core nvidia(POE) snd_hwdep serio_raw arc4 snd_pcm snd_seq_midi snd_seq_midi_event snd_rawmidi ath9k ath9k_common ath9k_hw snd_seq ath snd_seq_device snd_timer mac80211 drm_kms_helper joydev snd cfg80211 drm input_leds ipmi_devintf ipmi_msghandler fb_sys_fops syscopyarea sysfillrect sysimgblt soundcore mei_me mei
[58356.839318]  acpi_pad wmi shpchp idma64 virt_dma sch_fq_codel intel_lpss_pci intel_lpss mac_hid intel_pch_thermal parport_pc ppdev lp parport ip_tables x_tables autofs4 btrfs xor zstd_compress raid6_pq dm_mirror dm_region_hash dm_log ses enclosure scsi_transport_sas hid_generic usbhid hid uas usb_storage psmouse r8169 ahci mii libahci video pinctrl_sunrisepoint
[58356.839342] CPU: 1 PID: 25100 Comm: md_shootout Tainted: P           OEL   4.15.0-55-generic #60-Ubuntu
[58356.839343] Hardware name: MSI MS-7971/B150 PC MATE (MS-7971), BIOS C.80 07/27/2016
[58356.839346] RIP: 0033:0x7fddfe539b1f
[58356.839347] RSP: 002b:00007ffd67cd64f8 EFLAGS: 00010246 ORIG_RAX: ffffffffffffff11
[58356.839349] RAX: 00007ffd67cdbe80 RBX: 00007fddfe539ad0 RCX: 0000000000002a28
[58356.839350] RDX: 0000000000005848 RSI: 00007ffd67cd9458 RDI: 00007ffd67cdeca0
[58356.839351] RBP: 00007ffd67cd6638 R08: 00007fdc2d02729e R09: 00007ffd67cdbe80
[58356.839352] R10: 0000000000008001 R11: 0000000000000000 R12: 0000000000000000
[58356.839353] R13: 0000000000000001 R14: 00007ffd67ce1848 R15: 0000000000000000
[58356.839354] FS:  00007fddff1d7800(0000) GS:ffff95b66ec80000(0000) knlGS:0000000000000000
[58356.839355] CS:  0010 DS: 0000 ES: 0000 CR0: 0000000080050033
[58356.839356] CR2: 00007fdd3f2f2000 CR3: 00000008404b4004 CR4: 00000000003606e0
[58356.839357] DR0: 0000000000000000 DR1: 0000000000000000 DR2: 0000000000000000
[58356.839358] DR3: 0000000000000000 DR6: 00000000fffe0ff0 DR7: 0000000000000400
[58776.845598] watchdog: BUG: soft lockup - CPU#1 stuck for 21s! [md_shootout:27615]
[58776.846317] Modules linked in: bridge stp llc devlink aufs overlay binfmt_misc snd_hda_codec_hdmi nvidia_uvm(OE) 8250_dw mxm_wmi intel_rapl x86_pkg_temp_thermal intel_powerclamp coretemp kvm_intel kvm irqbypass crct10dif_pclmul crc32_pclmul ghash_clmulni_intel pcbc nvidia_drm(POE) aesni_intel nvidia_modeset(POE) snd_usb_audio aes_x86_64 crypto_simd glue_helper cryptd snd_hda_codec_realtek intel_cstate snd_usbmidi_lib snd_hda_codec_generic intel_rapl_perf snd_hda_intel snd_hda_codec snd_hda_core nvidia(POE) snd_hwdep serio_raw arc4 snd_pcm snd_seq_midi snd_seq_midi_event snd_rawmidi ath9k ath9k_common ath9k_hw snd_seq ath snd_seq_device snd_timer mac80211 drm_kms_helper joydev snd cfg80211 drm input_leds ipmi_devintf ipmi_msghandler fb_sys_fops syscopyarea sysfillrect sysimgblt soundcore mei_me mei
[58776.846349]  acpi_pad wmi shpchp idma64 virt_dma sch_fq_codel intel_lpss_pci intel_lpss mac_hid intel_pch_thermal parport_pc ppdev lp parport ip_tables x_tables autofs4 btrfs xor zstd_compress raid6_pq dm_mirror dm_region_hash dm_log ses enclosure scsi_transport_sas hid_generic usbhid hid uas usb_storage psmouse r8169 ahci mii libahci video pinctrl_sunrisepoint
[58776.846366] CPU: 1 PID: 27615 Comm: md_shootout Tainted: P           OEL   4.15.0-55-generic #60-Ubuntu
[58776.846367] Hardware name: MSI MS-7971/B150 PC MATE (MS-7971), BIOS C.80 07/27/2016
[58776.846369] RIP: 0033:0x7f35ff091b1f
[58776.846370] RSP: 002b:00007ffd4be33c08 EFLAGS: 00010283 ORIG_RAX: ffffffffffffff11
[58776.846371] RAX: 00007ffd4be33d58 RBX: 00007f35ff091ad0 RCX: 0000000000000978
[58776.846372] RDX: 0000000000005838 RSI: 00007ffd4be3e450 RDI: 00007ffd4be38c18
[58776.846372] RBP: 00007ffd4be39590 R08: 00007f322d7750aa R09: 00007ffd4be39590
[58776.846373] R10: 0000000000008001 R11: 00000000000001f4 R12: 0000000022153558
[58776.846374] R13: 00007ffd4be33d58 R14: 000000000225433e R15: 000000000000e598
[58776.846375] FS:  00007f35ffd2f800(0000) GS:ffff95b66ec80000(0000) knlGS:0000000000000000
[58776.846376] CS:  0010 DS: 0000 ES: 0000 CR0: 0000000080050033
[58776.846376] CR2: 00007f34ff123000 CR3: 0000000845ba8004 CR4: 00000000003606e0
[58776.846377] DR0: 0000000000000000 DR1: 0000000000000000 DR2: 0000000000000000
[58776.846378] DR3: 0000000000000000 DR6: 00000000fffe0ff0 DR7: 0000000000000400
[59348.855279] watchdog: BUG: soft lockup - CPU#1 stuck for 23s! [md_shootout:31407]
[59348.855998] Modules linked in: bridge stp llc devlink aufs overlay binfmt_misc snd_hda_codec_hdmi nvidia_uvm(OE) 8250_dw mxm_wmi intel_rapl x86_pkg_temp_thermal intel_powerclamp coretemp kvm_intel kvm irqbypass crct10dif_pclmul crc32_pclmul ghash_clmulni_intel pcbc nvidia_drm(POE) aesni_intel nvidia_modeset(POE) snd_usb_audio aes_x86_64 crypto_simd glue_helper cryptd snd_hda_codec_realtek intel_cstate snd_usbmidi_lib snd_hda_codec_generic intel_rapl_perf snd_hda_intel snd_hda_codec snd_hda_core nvidia(POE) snd_hwdep serio_raw arc4 snd_pcm snd_seq_midi snd_seq_midi_event snd_rawmidi ath9k ath9k_common ath9k_hw snd_seq ath snd_seq_device snd_timer mac80211 drm_kms_helper joydev snd cfg80211 drm input_leds ipmi_devintf ipmi_msghandler fb_sys_fops syscopyarea sysfillrect sysimgblt soundcore mei_me mei
[59348.856029]  acpi_pad wmi shpchp idma64 virt_dma sch_fq_codel intel_lpss_pci intel_lpss mac_hid intel_pch_thermal parport_pc ppdev lp parport ip_tables x_tables autofs4 btrfs xor zstd_compress raid6_pq dm_mirror dm_region_hash dm_log ses enclosure scsi_transport_sas hid_generic usbhid hid uas usb_storage psmouse r8169 ahci mii libahci video pinctrl_sunrisepoint
[59348.856046] CPU: 1 PID: 31407 Comm: md_shootout Tainted: P           OEL   4.15.0-55-generic #60-Ubuntu
[59348.856047] Hardware name: MSI MS-7971/B150 PC MATE (MS-7971), BIOS C.80 07/27/2016
[59348.856049] RIP: 0033:0x55ad387d80e9
[59348.856050] RSP: 002b:00007ffd73b69d90 EFLAGS: 00000246 ORIG_RAX: ffffffffffffff11
[59348.856051] RAX: 00007ffd73b69ef0 RBX: 00007ffd73b75050 RCX: 0000000000000048
[59348.856052] RDX: 00007f20079aa332 RSI: 0000000000000028 RDI: 0000000000000000
[59348.856052] RBP: 0000000000000000 R08: 0000000000000001 R09: 0000000000000000
[59348.856053] R10: 0000000000008004 R11: 0000000000000001 R12: 0000000046df0000
[59348.856054] R13: 00007ffd73b75108 R14: 0000000000000020 R15: 0000000000000001
[59348.856055] FS:  00007f21d3d62800(0000) GS:ffff95b66ec80000(0000) knlGS:0000000000000000
[59348.856056] CS:  0010 DS: 0000 ES: 0000 CR0: 0000000080050033
[59348.856056] CR2: 00007f2129fb2000 CR3: 0000000842a3c003 CR4: 00000000003606e0
[59348.856057] DR0: 0000000000000000 DR1: 0000000000000000 DR2: 0000000000000000
[59348.856058] DR3: 0000000000000000 DR6: 00000000fffe0ff0 DR7: 0000000000000400
[59732.861717] watchdog: BUG: soft lockup - CPU#1 stuck for 21s! [md_shootout:1167]
[59732.862669] Modules linked in: bridge stp llc devlink aufs overlay binfmt_misc snd_hda_codec_hdmi nvidia_uvm(OE) 8250_dw mxm_wmi intel_rapl x86_pkg_temp_thermal intel_powerclamp coretemp kvm_intel kvm irqbypass crct10dif_pclmul crc32_pclmul ghash_clmulni_intel pcbc nvidia_drm(POE) aesni_intel nvidia_modeset(POE) snd_usb_audio aes_x86_64 crypto_simd glue_helper cryptd snd_hda_codec_realtek intel_cstate snd_usbmidi_lib snd_hda_codec_generic intel_rapl_perf snd_hda_intel snd_hda_codec snd_hda_core nvidia(POE) snd_hwdep serio_raw arc4 snd_pcm snd_seq_midi snd_seq_midi_event snd_rawmidi ath9k ath9k_common ath9k_hw snd_seq ath snd_seq_device snd_timer mac80211 drm_kms_helper joydev snd cfg80211 drm input_leds ipmi_devintf ipmi_msghandler fb_sys_fops syscopyarea sysfillrect sysimgblt soundcore mei_me mei
[59732.862712]  acpi_pad wmi shpchp idma64 virt_dma sch_fq_codel intel_lpss_pci intel_lpss mac_hid intel_pch_thermal parport_pc ppdev lp parport ip_tables x_tables autofs4 btrfs xor zstd_compress raid6_pq dm_mirror dm_region_hash dm_log ses enclosure scsi_transport_sas hid_generic usbhid hid uas usb_storage psmouse r8169 ahci mii libahci video pinctrl_sunrisepoint
[59732.862735] CPU: 1 PID: 1167 Comm: md_shootout Tainted: P           OEL   4.15.0-55-generic #60-Ubuntu
[59732.862736] Hardware name: MSI MS-7971/B150 PC MATE (MS-7971), BIOS C.80 07/27/2016
[59732.862739] RIP: 0033:0x7fafecca1b1f
[59732.862740] RSP: 002b:00007ffe4ad3eaa8 EFLAGS: 00010202 ORIG_RAX: ffffffffffffff11
[59732.862742] RAX: 00007ffe4ad49df8 RBX: 00007fafecca1ad0 RCX: 0000000000000618
[59732.862743] RDX: 0000000000005838 RSI: 00007ffe4ad49660 RDI: 00007ffe4ad4f018
[59732.862743] RBP: 00007ffe4ad3ebe8 R08: 00007fae1b4384ba R09: 00007ffe4ad49c78
[59732.862744] R10: 0000000000008001 R11: 0000000000000064 R12: 0000000000000000
[59732.862745] R13: 0000000000000006 R14: 00007ffe4ad49df8 R15: 0000000000000000
[59732.862747] FS:  00007fafed93f800(0000) GS:ffff95b66ec80000(0000) knlGS:0000000000000000
[59732.862748] CS:  0010 DS: 0000 ES: 0000 CR0: 0000000080050033
[59732.862749] CR2: 00007faf1b419000 CR3: 0000000840ed0002 CR4: 00000000003606e0
[59732.862750] DR0: 0000000000000000 DR1: 0000000000000000 DR2: 0000000000000000
[59732.862751] DR3: 0000000000000000 DR6: 00000000fffe0ff0 DR7: 0000000000000400
[60212.867327] watchdog: BUG: soft lockup - CPU#1 stuck for 23s! [md_shootout:4575]
[60212.868037] Modules linked in: bridge stp llc devlink aufs overlay binfmt_misc snd_hda_codec_hdmi nvidia_uvm(OE) 8250_dw mxm_wmi intel_rapl x86_pkg_temp_thermal intel_powerclamp coretemp kvm_intel kvm irqbypass crct10dif_pclmul crc32_pclmul ghash_clmulni_intel pcbc nvidia_drm(POE) aesni_intel nvidia_modeset(POE) snd_usb_audio aes_x86_64 crypto_simd glue_helper cryptd snd_hda_codec_realtek intel_cstate snd_usbmidi_lib snd_hda_codec_generic intel_rapl_perf snd_hda_intel snd_hda_codec snd_hda_core nvidia(POE) snd_hwdep serio_raw arc4 snd_pcm snd_seq_midi snd_seq_midi_event snd_rawmidi ath9k ath9k_common ath9k_hw snd_seq ath snd_seq_device snd_timer mac80211 drm_kms_helper joydev snd cfg80211 drm input_leds ipmi_devintf ipmi_msghandler fb_sys_fops syscopyarea sysfillrect sysimgblt soundcore mei_me mei
[60212.868069]  acpi_pad wmi shpchp idma64 virt_dma sch_fq_codel intel_lpss_pci intel_lpss mac_hid intel_pch_thermal parport_pc ppdev lp parport ip_tables x_tables autofs4 btrfs xor zstd_compress raid6_pq dm_mirror dm_region_hash dm_log ses enclosure scsi_transport_sas hid_generic usbhid hid uas usb_storage psmouse r8169 ahci mii libahci video pinctrl_sunrisepoint
[60212.868086] CPU: 1 PID: 4575 Comm: md_shootout Tainted: P           OEL   4.15.0-55-generic #60-Ubuntu
[60212.868087] Hardware name: MSI MS-7971/B150 PC MATE (MS-7971), BIOS C.80 07/27/2016
[60212.868089] RIP: 0033:0x7fc03e5ceb1f
[60212.868090] RSP: 002b:00007fffd4661d28 EFLAGS: 00010246 ORIG_RAX: ffffffffffffff11
[60212.868091] RAX: 00007fffd46676b0 RBX: 00007fc03e5cead0 RCX: 0000000000004258
[60212.868092] RDX: 0000000000005838 RSI: 00007fffd4663458 RDI: 00007fffd4668c90
[60212.868093] RBP: 00007fffd46676b0 R08: 00007fbe6d3a7df2 R09: 00007fffd46676b0
[60212.868093] R10: 0000000000008001 R11: 0000000000000064 R12: 000000002213bf98
[60212.868094] R13: 00007fffd4661e78 R14: 000000000225422f R15: 000000000000eb34
[60212.868095] FS:  00007fc03f26c800(0000) GS:ffff95b66ec80000(0000) knlGS:0000000000000000
[60212.868096] CS:  0010 DS: 0000 ES: 0000 CR0: 0000000080050033
[60212.868097] CR2: 00007fbf7f5ab000 CR3: 000000083fe82001 CR4: 00000000003606e0
[60212.868097] DR0: 0000000000000000 DR1: 0000000000000000 DR2: 0000000000000000
[60212.868098] DR3: 0000000000000000 DR6: 00000000fffe0ff0 DR7: 0000000000000400
[60656.873279] watchdog: BUG: soft lockup - CPU#1 stuck for 21s! [md_shootout:7068]
[60656.873989] Modules linked in: bridge stp llc devlink aufs overlay binfmt_misc snd_hda_codec_hdmi nvidia_uvm(OE) 8250_dw mxm_wmi intel_rapl x86_pkg_temp_thermal intel_powerclamp coretemp kvm_intel kvm irqbypass crct10dif_pclmul crc32_pclmul ghash_clmulni_intel pcbc nvidia_drm(POE) aesni_intel nvidia_modeset(POE) snd_usb_audio aes_x86_64 crypto_simd glue_helper cryptd snd_hda_codec_realtek intel_cstate snd_usbmidi_lib snd_hda_codec_generic intel_rapl_perf snd_hda_intel snd_hda_codec snd_hda_core nvidia(POE) snd_hwdep serio_raw arc4 snd_pcm snd_seq_midi snd_seq_midi_event snd_rawmidi ath9k ath9k_common ath9k_hw snd_seq ath snd_seq_device snd_timer mac80211 drm_kms_helper joydev snd cfg80211 drm input_leds ipmi_devintf ipmi_msghandler fb_sys_fops syscopyarea sysfillrect sysimgblt soundcore mei_me mei
[60656.874021]  acpi_pad wmi shpchp idma64 virt_dma sch_fq_codel intel_lpss_pci intel_lpss mac_hid intel_pch_thermal parport_pc ppdev lp parport ip_tables x_tables autofs4 btrfs xor zstd_compress raid6_pq dm_mirror dm_region_hash dm_log ses enclosure scsi_transport_sas hid_generic usbhid hid uas usb_storage psmouse r8169 ahci mii libahci video pinctrl_sunrisepoint
[60656.874038] CPU: 1 PID: 7068 Comm: md_shootout Tainted: P           OEL   4.15.0-55-generic #60-Ubuntu
[60656.874039] Hardware name: MSI MS-7971/B150 PC MATE (MS-7971), BIOS C.80 07/27/2016
[60656.874041] RIP: 0033:0x7f04e2dafb1f
[60656.874042] RSP: 002b:00007ffd0b581908 EFLAGS: 00010202 ORIG_RAX: ffffffffffffff11
[60656.874043] RAX: 00007ffd0b58cc58 RBX: 00007f04e2dafad0 RCX: 0000000000001738
[60656.874044] RDX: 0000000000005838 RSI: 00007ffd0b58b3a0 RDI: 00007ffd0b590d58
[60656.874045] RBP: 00007ffd0b581a48 R08: 00007f01122ed31a R09: 00007ffd0b58cad8
[60656.874045] R10: 0000000000008001 R11: 0000000000000064 R12: 0000000000000001
[60656.874046] R13: 000000000000000c R14: 00007ffd0b58cc58 R15: 0000000000000000
[60656.874047] FS:  00007f04e3a4d800(0000) GS:ffff95b66ec80000(0000) knlGS:0000000000000000
[60656.874048] CS:  0010 DS: 0000 ES: 0000 CR0: 0000000080050033
[60656.874048] CR2: 00007f03e38d9000 CR3: 0000000802b78001 CR4: 00000000003606e0
[60656.874049] DR0: 0000000000000000 DR1: 0000000000000000 DR2: 0000000000000000
[60656.874050] DR3: 0000000000000000 DR6: 00000000fffe0ff0 DR7: 0000000000000400
[61228.881773] watchdog: BUG: soft lockup - CPU#1 stuck for 21s! [md_shootout:10787]
[61228.882576] Modules linked in: bridge stp llc devlink aufs overlay binfmt_misc snd_hda_codec_hdmi nvidia_uvm(OE) 8250_dw mxm_wmi intel_rapl x86_pkg_temp_thermal intel_powerclamp coretemp kvm_intel kvm irqbypass crct10dif_pclmul crc32_pclmul ghash_clmulni_intel pcbc nvidia_drm(POE) aesni_intel nvidia_modeset(POE) snd_usb_audio aes_x86_64 crypto_simd glue_helper cryptd snd_hda_codec_realtek intel_cstate snd_usbmidi_lib snd_hda_codec_generic intel_rapl_perf snd_hda_intel snd_hda_codec snd_hda_core nvidia(POE) snd_hwdep serio_raw arc4 snd_pcm snd_seq_midi snd_seq_midi_event snd_rawmidi ath9k ath9k_common ath9k_hw snd_seq ath snd_seq_device snd_timer mac80211 drm_kms_helper joydev snd cfg80211 drm input_leds ipmi_devintf ipmi_msghandler fb_sys_fops syscopyarea sysfillrect sysimgblt soundcore mei_me mei
[61228.882611]  acpi_pad wmi shpchp idma64 virt_dma sch_fq_codel intel_lpss_pci intel_lpss mac_hid intel_pch_thermal parport_pc ppdev lp parport ip_tables x_tables autofs4 btrfs xor zstd_compress raid6_pq dm_mirror dm_region_hash dm_log ses enclosure scsi_transport_sas hid_generic usbhid hid uas usb_storage psmouse r8169 ahci mii libahci video pinctrl_sunrisepoint
[61228.882631] CPU: 1 PID: 10787 Comm: md_shootout Tainted: P           OEL   4.15.0-55-generic #60-Ubuntu
[61228.882632] Hardware name: MSI MS-7971/B150 PC MATE (MS-7971), BIOS C.80 07/27/2016
[61228.882634] RIP: 0033:0x7f706d4b3b1f
[61228.882635] RSP: 002b:00007ffdae6032a8 EFLAGS: 00010246 ORIG_RAX: ffffffffffffff11
[61228.882637] RAX: 00007ffdae608c30 RBX: 00007f706d4b3ad0 RCX: 0000000000003848
[61228.882637] RDX: 0000000000005848 RSI: 00007ffdae6053e8 RDI: 00007ffdae60ac30
[61228.882638] RBP: 00007ffdae6033e8 R08: 00007f6e9824f812 R09: 00007ffdae608c30
[61228.882639] R10: 0000000000008001 R11: 0000000000000064 R12: 0000000000000000
[61228.882639] R13: 0000000000000006 R14: 00007ffdae60e5f8 R15: 0000000000000000
[61228.882641] FS:  00007f706e151800(0000) GS:ffff95b66ec80000(0000) knlGS:0000000000000000
[61228.882642] CS:  0010 DS: 0000 ES: 0000 CR0: 0000000080050033
[61228.882642] CR2: 00007f6fbd380000 CR3: 00000008445a2001 CR4: 00000000003606e0
[61228.882643] DR0: 0000000000000000 DR1: 0000000000000000 DR2: 0000000000000000
[61228.882644] DR3: 0000000000000000 DR6: 00000000fffe0ff0 DR7: 0000000000000400
[61640.888120] watchdog: BUG: soft lockup - CPU#1 stuck for 24s! [md_shootout:13113]
[61640.889278] Modules linked in: bridge stp llc devlink aufs overlay binfmt_misc snd_hda_codec_hdmi nvidia_uvm(OE) 8250_dw mxm_wmi intel_rapl x86_pkg_temp_thermal intel_powerclamp coretemp kvm_intel kvm irqbypass crct10dif_pclmul crc32_pclmul ghash_clmulni_intel pcbc nvidia_drm(POE) aesni_intel nvidia_modeset(POE) snd_usb_audio aes_x86_64 crypto_simd glue_helper cryptd snd_hda_codec_realtek intel_cstate snd_usbmidi_lib snd_hda_codec_generic intel_rapl_perf snd_hda_intel snd_hda_codec snd_hda_core nvidia(POE) snd_hwdep serio_raw arc4 snd_pcm snd_seq_midi snd_seq_midi_event snd_rawmidi ath9k ath9k_common ath9k_hw snd_seq ath snd_seq_device snd_timer mac80211 drm_kms_helper joydev snd cfg80211 drm input_leds ipmi_devintf ipmi_msghandler fb_sys_fops syscopyarea sysfillrect sysimgblt soundcore mei_me mei
[61640.889328]  acpi_pad wmi shpchp idma64 virt_dma sch_fq_codel intel_lpss_pci intel_lpss mac_hid intel_pch_thermal parport_pc ppdev lp parport ip_tables x_tables autofs4 btrfs xor zstd_compress raid6_pq dm_mirror dm_region_hash dm_log ses enclosure scsi_transport_sas hid_generic usbhid hid uas usb_storage psmouse r8169 ahci mii libahci video pinctrl_sunrisepoint
[61640.889357] CPU: 1 PID: 13113 Comm: md_shootout Tainted: P           OEL   4.15.0-55-generic #60-Ubuntu
[61640.889358] Hardware name: MSI MS-7971/B150 PC MATE (MS-7971), BIOS C.80 07/27/2016
[61640.889361] RIP: 0033:0x7f1479850b1f
[61640.889362] RSP: 002b:00007fff0e9f8db8 EFLAGS: 00010202 ORIG_RAX: ffffffffffffff11
[61640.889365] RAX: 00007fff0ea04108 RBX: 00007f1479850ad0 RCX: 0000000000004938
[61640.889366] RDX: 0000000000005838 RSI: 00007fff0e9ff650 RDI: 00007fff0ea05008
[61640.889367] RBP: 00007fff0e9f8ef8 R08: 00007f12b17f800a R09: 00007fff0ea03f88
[61640.889368] R10: 0000000000008001 R11: 0000000000000064 R12: 0000000000000000
[61640.889369] R13: 0000000000000009 R14: 00007fff0ea04108 R15: 0000000000000000
[61640.889371] FS:  00007f147a4ee800(0000) GS:ffff95b66ec80000(0000) knlGS:0000000000000000
[61640.889372] CS:  0010 DS: 0000 ES: 0000 CR0: 0000000080050033
[61640.889374] CR2: 00007f13aee46000 CR3: 00000008096f0006 CR4: 00000000003606e0
[61640.889375] DR0: 0000000000000000 DR1: 0000000000000000 DR2: 0000000000000000
[61640.889376] DR3: 0000000000000000 DR6: 00000000fffe0ff0 DR7: 0000000000000400
[62096.896386] watchdog: BUG: soft lockup - CPU#1 stuck for 24s! [md_shootout:16322]
[62096.897189] Modules linked in: bridge stp llc devlink aufs overlay binfmt_misc snd_hda_codec_hdmi nvidia_uvm(OE) 8250_dw mxm_wmi intel_rapl x86_pkg_temp_thermal intel_powerclamp coretemp kvm_intel kvm irqbypass crct10dif_pclmul crc32_pclmul ghash_clmulni_intel pcbc nvidia_drm(POE) aesni_intel nvidia_modeset(POE) snd_usb_audio aes_x86_64 crypto_simd glue_helper cryptd snd_hda_codec_realtek intel_cstate snd_usbmidi_lib snd_hda_codec_generic intel_rapl_perf snd_hda_intel snd_hda_codec snd_hda_core nvidia(POE) snd_hwdep serio_raw arc4 snd_pcm snd_seq_midi snd_seq_midi_event snd_rawmidi ath9k ath9k_common ath9k_hw snd_seq ath snd_seq_device snd_timer mac80211 drm_kms_helper joydev snd cfg80211 drm input_leds ipmi_devintf ipmi_msghandler fb_sys_fops syscopyarea sysfillrect sysimgblt soundcore mei_me mei
[62096.897224]  acpi_pad wmi shpchp idma64 virt_dma sch_fq_codel intel_lpss_pci intel_lpss mac_hid intel_pch_thermal parport_pc ppdev lp parport ip_tables x_tables autofs4 btrfs xor zstd_compress raid6_pq dm_mirror dm_region_hash dm_log ses enclosure scsi_transport_sas hid_generic usbhid hid uas usb_storage psmouse r8169 ahci mii libahci video pinctrl_sunrisepoint
[62096.897244] CPU: 1 PID: 16322 Comm: md_shootout Tainted: P           OEL   4.15.0-55-generic #60-Ubuntu
[62096.897245] Hardware name: MSI MS-7971/B150 PC MATE (MS-7971), BIOS C.80 07/27/2016
[62096.897247] RIP: 0033:0x55faf339f6b6
[62096.897248] RSP: 002b:00007fff6d791700 EFLAGS: 00000246 ORIG_RAX: ffffffffffffff11
[62096.897250] RAX: 00007fff6d79d328 RBX: 00007fff6d7918a0 RCX: 7fffffffffffffff
[62096.897251] RDX: 0000000000000001 RSI: 0000000000000001 RDI: 00007fff6d7918a8
[62096.897251] RBP: 0000000000000001 R08: 00007fba56e4ee66 R09: 00007fff6d7972f0
[62096.897252] R10: 00007fff6d791910 R11: 0000000000000001 R12: 00000000278737d8
[62096.897253] R13: 00007fff6d791ab8 R14: 00007fff6d791758 R15: 00007fff6d79d310
[62096.897254] FS:  00007fbc21517800(0000) GS:ffff95b66ec80000(0000) knlGS:0000000000000000
[62096.897255] CS:  0010 DS: 0000 ES: 0000 CR0: 0000000080050033
[62096.897256] CR2: 00007fbb66f8d000 CR3: 000000083dc04002 CR4: 00000000003606e0
[62096.897257] DR0: 0000000000000000 DR1: 0000000000000000 DR2: 0000000000000000
[62096.897258] DR3: 0000000000000000 DR6: 00000000fffe0ff0 DR7: 0000000000000400
[62417.346872] clocksource: timekeeping watchdog on CPU1: Marking clocksource 'tsc' as unstable because the skew is too large:
[62417.346874] clocksource:                       'hpet' wd_now: c8bce660 wd_last: db350d09 mask: ffffffff
[62417.346875] clocksource:                       'tsc' cs_now: e39f921430ae cs_last: e25d9e7565eb mask: ffffffffffffffff
[62417.346878] tsc: Marking TSC unstable due to clocksource watchdog
[62417.347028] TSC found unstable after boot, most likely due to broken BIOS. Use 'tsc=unstable'.
[62417.347029] sched_clock: Marking unstable (62416480565515, 859892204)<-(62417327799442, 19228720)
[62417.340685] clocksource: Switched to clocksource hpet
[62444.895901] watchdog: BUG: soft lockup - CPU#1 stuck for 23s! [md_shootout:16322]
[62444.895964] Modules linked in: bridge stp llc devlink aufs overlay binfmt_misc snd_hda_codec_hdmi nvidia_uvm(OE) 8250_dw mxm_wmi intel_rapl x86_pkg_temp_thermal intel_powerclamp coretemp kvm_intel kvm irqbypass crct10dif_pclmul crc32_pclmul ghash_clmulni_intel pcbc nvidia_drm(POE) aesni_intel nvidia_modeset(POE) snd_usb_audio aes_x86_64 crypto_simd glue_helper cryptd snd_hda_codec_realtek intel_cstate snd_usbmidi_lib snd_hda_codec_generic intel_rapl_perf snd_hda_intel snd_hda_codec snd_hda_core nvidia(POE) snd_hwdep serio_raw arc4 snd_pcm snd_seq_midi snd_seq_midi_event snd_rawmidi ath9k ath9k_common ath9k_hw snd_seq ath snd_seq_device snd_timer mac80211 drm_kms_helper joydev snd cfg80211 drm input_leds ipmi_devintf ipmi_msghandler fb_sys_fops syscopyarea sysfillrect sysimgblt soundcore mei_me mei
[62444.895964]  acpi_pad wmi shpchp idma64 virt_dma sch_fq_codel intel_lpss_pci intel_lpss mac_hid intel_pch_thermal parport_pc ppdev lp parport ip_tables x_tables autofs4 btrfs xor zstd_compress raid6_pq dm_mirror dm_region_hash dm_log ses enclosure scsi_transport_sas hid_generic usbhid hid uas usb_storage psmouse r8169 ahci mii libahci video pinctrl_sunrisepoint
[62444.895964] CPU: 1 PID: 16322 Comm: md_shootout Tainted: P           OEL   4.15.0-55-generic #60-Ubuntu
[62444.895964] Hardware name: MSI MS-7971/B150 PC MATE (MS-7971), BIOS C.80 07/27/2016
[62444.895964] RIP: 0033:0x7fbc20879b1f
[62444.895964] RSP: 002b:00007fff6d79cb58 EFLAGS: 00010212 ORIG_RAX: ffffffffffffff11
[62444.895964] RAX: 00007fff6d7a2b50 RBX: 00007fbc20879ad0 RCX: 0000000000002a38
[62444.895964] RDX: 0000000000005838 RSI: 00007fff6d7a0110 RDI: 00007fff6d7a5950
[62444.895964] RBP: 00007fff6d7a2b50 R08: 00007fba35754f96 R09: 00007fff6d7a2b48
[62444.895964] R10: 0000000000008001 R11: 0000000000000064 R12: 00007fff6d79d310
[62444.895964] R13: 0000000009264125 R14: 000000000000f3ec R15: 000000000225361c
[62444.895964] FS:  00007fbc21517800(0000) GS:ffff95b66ec80000(0000) knlGS:0000000000000000
[62444.895964] CS:  0010 DS: 0000 ES: 0000 CR0: 0000000080050033
[62444.895964] CR2: 00007fbb4897e000 CR3: 000000083dc04004 CR4: 00000000003606e0
[62444.895964] DR0: 0000000000000000 DR1: 0000000000000000 DR2: 0000000000000000
[62444.895964] DR3: 0000000000000000 DR6: 00000000fffe0ff0 DR7: 0000000000000400
[62736.853548] perf: interrupt took too long (2510 > 2500), lowering kernel.perf_event_max_sample_rate to 79500
[62956.895904] watchdog: BUG: soft lockup - CPU#1 stuck for 23s! [md_shootout:21787]
